-----------------
INPUT
----------------- 
/** @gqlType */
export default class SomeType {
  /** @gqlField */
  hello(args: {
    /** The greeting to use. */
    greeting: string;
  }): string {
    return `${args.greeting} world!`;
  }
}

-----------------
OUTPUT
-----------------
-- SDL --
type SomeType {
  hello(
    """The greeting to use."""
    greeting: String!
  ): String
}
-- TypeScript --
import type TSomeType from "./ArgumentWithDescription";
import { GraphQLSchema, GraphQLObjectType, GraphQLString, GraphQLNonNull } from "graphql";
export function getSchema(): GraphQLSchema {
    const SomeTypeType: GraphQLObjectType = new GraphQLObjectType<TSomeType>({
        name: "SomeType",
        fields() {
            return {
                hello: {
                    name: "hello",
                    type: GraphQLString,
                    args: {
                        greeting: {
                            description: "The greeting to use.",
                            type: new GraphQLNonNull(GraphQLString)
                        }
                    }
                }
            };
        }
    });
    return new GraphQLSchema({
        types: [SomeTypeType]
    });
}
