-----------------
INPUT
----------------- 
/** @gqlType */
export default class Query {
  /** @gqlField */
  hello(args: {
    /** The greeting to use. */
    greeting: string;
  }): string {
    return `${args.greeting} world!`;
  }
}

-----------------
OUTPUT
-----------------
schema {
  query: Query
}

directive @methodName(name: String!) on FIELD_DEFINITION

directive @exported(filename: String!, functionName: String!) on FIELD_DEFINITION

type Query {
  hello(
    "The greeting to use."
    greeting: String!
  ): String
}