-----------------
INPUT
----------------- 
/** @GQLType */
export default class Query {
  /** @GQLField */
  hello({ greeting }: { greeting }): string {
    return "Hello world!";
  }
}

-----------------
OUTPUT
-----------------
src/tests/fixtures/arguments/ArgWithNoType.invalid.ts:4:25 - error TS0: Expected GraphQL field argument to have a type.

4   hello({ greeting }: { greeting }): string {
                          ~~~~~~~~
