-----------------
INPUT
----------------- 
/** @gqlScalar */
type MyString = string;

/** @gqlType */
export default class SomeType {
  /** @gqlField */
  hello({ greeting }: { greeting: MyString }): string {
    return "Hello world!";
  }
}

-----------------
OUTPUT
-----------------
-- SDL --
scalar MyString

type SomeType {
  hello(greeting: MyString!): String
}
-- TypeScript --
import { GraphQLSchema, GraphQLScalarType, GraphQLObjectType, GraphQLString, GraphQLNonNull } from "graphql";
function getSchema(): GraphQLSchema {
    const MyStringType: GraphQLScalarType = new GraphQLScalarType({
        name: "MyString"
    });
    const SomeTypeType: GraphQLObjectType = new GraphQLObjectType({
        name: "SomeType",
        fields() {
            return {
                hello: {
                    name: "hello",
                    type: GraphQLString,
                    args: {
                        greeting: {
                            name: "greeting",
                            type: new GraphQLNonNull(MyStringType)
                        }
                    }
                }
            };
        }
    });
    return new GraphQLSchema({
        types: [MyStringType, SomeTypeType]
    });
}
export { getSchema };
