-----------------
INPUT
----------------- 
/** @gqlScalar */
type MyString = string & {};

/** @gqlType */
export default class Query {
  /** @gqlField */
  hello({ greeting }: { greeting: MyString }): string {
    return "Hello world!";
  }
}

-----------------
OUTPUT
-----------------
schema {
  query: Query
}

directive @methodName(name: String!) on FIELD_DEFINITION

directive @exported(filename: String!, functionName: String!) on FIELD_DEFINITION

scalar MyString

type Query {
  hello(greeting: MyString!): String
}