-----------------
INPUT
----------------- 
/** @gqlScalar */
export type MyString = string;

/** @gqlType */
export default class SomeType {
  /** @gqlField */
  hello({ greeting }: { greeting: MyString }): string {
    return "Hello world!";
  }
}

-----------------
OUTPUT
-----------------
-- SDL --
scalar MyString @exported(tsModulePath: "grats/src/tests/fixtures/arguments/CustomScalarArgument.ts", functionName: "MyString", argCount: 0)

type SomeType {
  hello(greeting: MyString!): String
}
-- TypeScript --
import { MyString as MyStringType } from "./CustomScalarArgument";
import { GraphQLScalarValueParser, GraphQLScalarLiteralParser, GraphQLSchema, GraphQLScalarType, GraphQLScalarSerializer, GraphQLObjectType, GraphQLString, GraphQLNonNull } from "graphql";
type ScalarConfigType<T> = {
    serialize(outputValue: T): any;
    parseValue: GraphQLScalarValueParser<T>;
    parseLiteral: GraphQLScalarLiteralParser<T>;
};
export type SchemaConfigType = {
    scalars: {
        MyString: ScalarConfigType<MyStringType>;
    };
};
export function getSchema(config: SchemaConfigType): GraphQLSchema {
    const MyStringType: GraphQLScalarType = new GraphQLScalarType<MyStringType>({
        name: "MyString",
        serialize: config.scalars.MyString.serialize as GraphQLScalarSerializer<MyStringType>,
        parseValue: config.scalars.MyString.parseValue,
        parseLiteral: config.scalars.MyString.parseLiteral
    });
    const SomeTypeType: GraphQLObjectType = new GraphQLObjectType({
        name: "SomeType",
        fields() {
            return {
                hello: {
                    name: "hello",
                    type: GraphQLString,
                    args: {
                        greeting: {
                            name: "greeting",
                            type: new GraphQLNonNull(MyStringType)
                        }
                    }
                }
            };
        }
    });
    return new GraphQLSchema({
        types: [MyStringType, SomeTypeType]
    });
}
