-----------------
INPUT
----------------- 
/** @gqlType */
export default class Query {
  /** @gqlField */
  hello1({ greeting }: { greeting: string | null }): string {
    return "Hello world!";
  }
  /** @gqlField */
  hello2({ greeting }: { greeting?: string | null }): string {
    return "Hello world!";
  }
  /** @gqlField */
  hello3({ greeting }: { greeting: string | void }): string {
    return "Hello world!";
  }
  /** @gqlField */
  hello4({ greeting }: { greeting: string | undefined }): string {
    return "Hello world!";
  }
  /** @gqlField */
  hello5({
    greeting,
  }: {
    greeting?: string | undefined | void | undefined;
  }): string {
    return "Hello world!";
  }
}

-----------------
OUTPUT
-----------------
schema {
  query: Query
}

directive @methodName(name: String!) on FIELD_DEFINITION

directive @exported(filename: String!, functionName: String!) on FIELD_DEFINITION

type Query {
  hello1(greeting: String): String
  hello2(greeting: String): String
  hello3(greeting: String): String
  hello4(greeting: String): String
  hello5(greeting: String): String
}