-----------------
INPUT
----------------- 
/** @GQLType */
export default class Query {
  /** @GQLField */
  hello1({ greeting }: { greeting: string | null }): string {
    return "Hello world!";
  }
  /** @GQLField */
  hello2({ greeting }: { greeting?: string }): string {
    return "Hello world!";
  }
  /** @GQLField */
  hello3({ greeting }: { greeting: string | void }): string {
    return "Hello world!";
  }
  /** @GQLField */
  hello4({ greeting }: { greeting: string | undefined }): string {
    return "Hello world!";
  }
  /** @GQLField */
  hello5({
    greeting,
  }: {
    greeting?: string | undefined | void | undefined;
  }): string {
    return "Hello world!";
  }
}

-----------------
OUTPUT
-----------------
directive @renameField(name: String!) on FIELD_DEFINITION

type Query {
  hello1(greeting: String!): String
  hello2(greeting: String!): String
  hello3(greeting: String!): String
  hello4(greeting: String!): String
  hello5(greeting: String!): String
}