-----------------
INPUT
----------------- 
/** @gqlType */
export default class SomeType {
  /** @gqlField */
  hello1({ greeting }: { greeting?: string | null }): string {
    return "Hello world!";
  }
  /** @gqlField */
  hello2({
    greeting,
  }: {
    greeting?: string | undefined | void | undefined;
  }): string {
    return "Hello world!";
  }
}

-----------------
OUTPUT
-----------------
-- SDL --
type SomeType @exported(exportName: "SomeType", tsModulePath: "grats/src/tests/fixtures/arguments/NullableArguments.ts") {
  hello1(greeting: String): String @metadata(argCount: 1)
  hello2(greeting: String): String @metadata(argCount: 1)
}
-- TypeScript --
import { SomeType as SomeTypeClass } from "./NullableArguments";
import { GraphQLSchema, GraphQLObjectType, GraphQLString } from "graphql";
export function getSchema(): GraphQLSchema {
    const SomeTypeType: GraphQLObjectType = new GraphQLObjectType({
        name: "SomeType",
        fields() {
            return {
                hello1: {
                    name: "hello1",
                    type: GraphQLString,
                    args: {
                        greeting: {
                            name: "greeting",
                            type: GraphQLString
                        }
                    }
                },
                hello2: {
                    name: "hello2",
                    type: GraphQLString,
                    args: {
                        greeting: {
                            name: "greeting",
                            type: GraphQLString
                        }
                    }
                }
            };
        }
    });
    return new GraphQLSchema({
        types: [SomeTypeType]
    });
}
const typeNameMap = new Map();
typeNameMap.set(SomeTypeClass, "SomeType");

function resolveType(obj: any): string {
  if (typeof obj.__typename === "string") {
    return obj.__typename;
  }

  let prototype = Object.getPrototypeOf(obj);
  while (prototype) {
    const name = typeNameMap.get(prototype.constructor);
    if (name != null) {
      return name;
    }
    prototype = Object.getPrototypeOf(prototype);
  }

  throw new Error("Cannot find type name");
}