-----------------
INPUT
----------------- 
/** @GQLType */
export default class Query {
  /** @GQLField */
  hello({ greeting }: { greeting: { foo: string; bar: string } }): string {
    return "Hello world!";
  }
}

-----------------
OUTPUT
-----------------
Error: Unexpected type literal. You may want to define a named GraphQL type elsewhere and reference it here.:
 --> src/tests/fixtures/arguments/ObjectLiteralArgument.invalid.ts:4:35

  |   /** @GQLField */
4 |   hello({ greeting }: { greeting: { foo: string; bar: string } }): string {
  |                                   ^^^^^^^^^^^^^^^^^^^^^^^^^^^^ 
  |     return "Hello world!";
