-----------------
INPUT
----------------- 
/** @gqlType */
export default class SomeType {
  /** @gqlField */
  hello({ greeting = "Hello" }: { greeting?: string }): string {
    return `${greeting ?? "Hello"} World!`;
  }
}

-----------------
OUTPUT
-----------------
-- SDL --
type SomeType @exported(exportName: "SomeType", tsModulePath: "grats/src/tests/fixtures/arguments/OptionalNonNullableArgumentWithDefault.ts") {
  hello(greeting: String! = "Hello"): String @metadata(argCount: 1)
}
-- TypeScript --
import { GraphQLSchema, GraphQLObjectType, GraphQLString, GraphQLNonNull } from "graphql";
export function getSchema(): GraphQLSchema {
    const SomeTypeType: GraphQLObjectType = new GraphQLObjectType({
        name: "SomeType",
        fields() {
            return {
                hello: {
                    name: "hello",
                    type: GraphQLString,
                    args: {
                        greeting: {
                            name: "greeting",
                            type: new GraphQLNonNull(GraphQLString),
                            defaultValue: "Hello"
                        }
                    }
                }
            };
        }
    });
    return new GraphQLSchema({
        types: [SomeTypeType]
    });
}
