-----------------
INPUT
----------------- 
/** @GQLType */
export default class Query {
  /** @GQLField */
  hello({ greeting }: { greeting: [string] }): string {
    return "Hello world!";
  }
}

-----------------
OUTPUT
-----------------
src/tests/fixtures/arguments/TupleLiteralArgument.invalid.ts:4:35 - error TS0: Unknown GraphQL type.

If you think <library name> should be able to infer this type, please report an issue at <issue URL>.

4   hello({ greeting }: { greeting: [string] }): string {
                                    ~~~~~~~~
