-----------------
INPUT
----------------- 
/** @gqlType */
class SomeType {
  /** @gqlField */
  hello: string;
}

/** @gqlEnum */
enum Enum {
  /**
   * Valid enum value.
   * @deprecated Use something else.
   */
  VALID = "VALID",
  /** Invalid enum value. */
  INVALID = "INVALID",
}

-----------------
OUTPUT
-----------------
directive @methodName(name: String!) on FIELD_DEFINITION

directive @exported(jsModulePath: String!, tsModulePath: String!, functionName: String!) on FIELD_DEFINITION

type SomeType {
  hello: String
}

enum Enum {
  """Valid enum value."""
  VALID @deprecated(reason: "Use something else.")
  """Invalid enum value."""
  INVALID
}