-----------------
INPUT
----------------- 
/** @GQLType */
class Query {
  /** @GQLField */
  hello: string;
}

/** @GQLEnum */
enum Enum {
  /**
   * Valid enum value.
   * @deprecated Use something else.
   */
  VALID = "VALID",
  /** Invalid enum value. */
  INVALID = "INVALID",
}

-----------------
OUTPUT
-----------------
schema {
  query: Query
}

directive @methodName(name: String!) on FIELD_DEFINITION

type Query {
  hello: String
}

enum Enum {
  "Valid enum value."
  VALID @deprecated(reason: "Use something else.")
  "Invalid enum value."
  INVALID
}