-----------------
INPUT
----------------- 
/** @gqlType */
class Query {
  /** @gqlField */
  hello: string;
}

/** @gqlEnum */
enum Enum {
  VALID = "VALID",
  INVALID = "INVALID",
}

-----------------
OUTPUT
-----------------
schema {
  query: Query
}

directive @methodName(name: String!) on FIELD_DEFINITION

directive @exported(filename: String!, functionName: String!) on FIELD_DEFINITION

type Query {
  hello: String
}

enum Enum {
  VALID
  INVALID
}