-----------------
INPUT
----------------- 
// {"EXPERIMENTAL__emitEnums": "enums.ts"}

/** @gqlEnum */
enum Color {
  RED = "red",
  GREEN = "green",
  BLUE = "blue"
}

/** @gqlType */
type Query = unknown;

/** @gqlField */
export function favoriteColor(_: Query): Color {
  return Color.RED;
}
-----------------
OUTPUT
-----------------
src/tests/fixtures/enums/EnumNotExportedWithEmitEnumsConfig.invalid.ts:4:1 - error: Expected enum to be exported when `EXPERIMENTAL__emitEnums` is configured. Grats needs to import enum types to build the enums module.

  4 enum Color {
    ~~~~~~~~~~~~
  5   RED = "red",
    ~~~~~~~~~~~~~~
... 
  7   BLUE = "blue"
    ~~~~~~~~~~~~~~~
  8 }
    ~
