-----------------
INPUT
----------------- 
/** @GQLType */
class Query {
  /** @GQLField */
  hello: MyEnum;
}

/**
 * Hello!
 * @GQLEnum
 */
type MyEnum = "VALID" | "INVALID";

-----------------
OUTPUT
-----------------
schema {
  query: Query
}

directive @methodName(name: String!) on FIELD_DEFINITION

type Query {
  hello: MyEnum
}

"Hello!"
enum MyEnum {
  "Hello!"
  VALID
  "Hello!"
  INVALID
}