-----------------
INPUT
----------------- 
/** @gqlType */
class SomeType {
  /** @gqlField */
  hello: MyEnum;
}

/** @gqlEnum */
type MyEnum = "VALID";

-----------------
OUTPUT
-----------------
-- SDL --
enum MyEnum {
  VALID
}

type SomeType {
  hello: MyEnum @resolver(kind: {property: {}})
}
-- TypeScript --
import { GraphQLSchema, GraphQLEnumType, GraphQLObjectType } from "graphql";
export function getSchema(): GraphQLSchema {
    const MyEnumType: GraphQLEnumType = new GraphQLEnumType({
        name: "MyEnum",
        values: {
            VALID: {
                value: "VALID"
            }
        }
    });
    const SomeTypeType: GraphQLObjectType = new GraphQLObjectType({
        name: "SomeType",
        fields() {
            return {
                hello: {
                    name: "hello",
                    type: MyEnumType
                }
            };
        }
    });
    return new GraphQLSchema({
        types: [MyEnumType, SomeTypeType]
    });
}
