-----------------
INPUT
----------------- 
/** @gqlType */
class SomeType {
  /** @gqlField */
  hello: MyEnum;
}

/**
 * Hello!
 * @gqlEnum
 */
type MyEnum = "VALID" | "INVALID";

-----------------
OUTPUT
-----------------
-- SDL --
directive @asyncIterable on FIELD_DEFINITION

directive @propertyName(name: String!) on FIELD_DEFINITION

directive @exported(tsModulePath: String!, functionName: String!, argCount: Int!) on FIELD_DEFINITION

type SomeType {
  hello: MyEnum
}

"""Hello!"""
enum MyEnum {
  VALID
  INVALID
}
-- TypeScript --
import { GraphQLSchema, GraphQLObjectType, GraphQLEnumType } from "graphql";
const MyEnumType: GraphQLEnumType = new GraphQLEnumType({
    description: "Hello!",
    name: "MyEnum",
    values: {
        VALID: {
            value: "VALID"
        },
        INVALID: {
            value: "INVALID"
        }
    }
});
const SomeTypeType: GraphQLObjectType = new GraphQLObjectType({
    name: "SomeType",
    fields() {
        return {
            hello: {
                name: "hello",
                type: MyEnumType
            }
        };
    }
});
const schema = new GraphQLSchema({
    types: [SomeTypeType, MyEnumType]
});
export { schema };
