-----------------
INPUT
----------------- 
/** @gqlType */
export class Query {
  /** @gqlField */
  hello: MyEnum;
}

/** The "valid" case */
type Valid = "VALID";
/** The "invalid" case */
type Invalid = "INVALID";

/** @gqlEnum */
type MyEnum = Valid | Invalid;

-----------------
OUTPUT
-----------------
schema {
  query: Query
}

directive @methodName(name: String!) on FIELD_DEFINITION

directive @exported(filename: String!, functionName: String!) on FIELD_DEFINITION

type Query {
  hello: MyEnum
}

enum MyEnum {
  """The "valid" case"""
  VALID
  """The "invalid" case"""
  INVALID
}