-----------------
INPUT
----------------- 
/** @GQLType */
class Query {
  /** @GQLField */
  hello: string;
}

/** @GQLEnum */
enum Enum {
  ABC = "VALID",
  DEF = "INVALID",
}

-----------------
OUTPUT
-----------------
schema {
  query: Query
}

directive @methodName(name: String!) on FIELD_DEFINITION

type Query {
  hello: String
}

enum Enum {
  VALID
  INVALID
}