-----------------
INPUT
----------------- 
/** @gqlType */
class SomeType {
  /** @gqlField */
  hello: string;
}

/** @gqlEnum */
enum Enum {
  ABC = "VALID",
  DEF = "INVALID",
}

-----------------
OUTPUT
-----------------
-- SDL --
type SomeType {
  hello: String
}

enum Enum {
  VALID
  INVALID
}
-- TypeScript --
import { GraphQLSchema, GraphQLObjectType, GraphQLString, GraphQLEnumType } from "graphql";
function getSchema(): GraphQLSchema {
    const SomeTypeType: GraphQLObjectType = new GraphQLObjectType({
        name: "SomeType",
        fields() {
            return {
                hello: {
                    name: "hello",
                    type: GraphQLString
                }
            };
        }
    });
    const EnumType: GraphQLEnumType = new GraphQLEnumType({
        name: "Enum",
        values: {
            VALID: {
                value: "VALID"
            },
            INVALID: {
                value: "INVALID"
            }
        }
    });
    return new GraphQLSchema({
        types: [SomeTypeType, EnumType]
    });
}
export { getSchema };
