-----------------
INPUT
----------------- 
/** @gqlType */
export class SomeType {
  /** @gqlField */
  hello: MyEnum;
}

type Valid = "VALID";
type Invalid = "INVALID";

/** @gqlEnum */
type MyEnum = Valid | Invalid;

-----------------
OUTPUT
-----------------
-- SDL --
directive @asyncIterable on FIELD_DEFINITION

directive @propertyName(name: String!) on FIELD_DEFINITION

directive @exported(tsModulePath: String!, functionName: String!, argCount: Int!) on FIELD_DEFINITION

type SomeType {
  hello: MyEnum
}

enum MyEnum {
  VALID
  INVALID
}
-- TypeScript --
import { GraphQLSchema, GraphQLObjectType, GraphQLEnumType } from "graphql";
const MyEnumType: GraphQLEnumType = new GraphQLEnumType({
    name: "MyEnum",
    values: {
        VALID: {
            value: "VALID"
        },
        INVALID: {
            value: "INVALID"
        }
    }
});
const SomeTypeType: GraphQLObjectType = new GraphQLObjectType({
    name: "SomeType",
    fields() {
        return {
            hello: {
                name: "hello",
                type: MyEnumType
            }
        };
    }
});
const schema = new GraphQLSchema({
    types: [SomeTypeType, MyEnumType]
});
export { schema };
