-----------------
INPUT
----------------- 
/** @gqlType */
class SomeType {
  /** @gqlField */
  hello: string;
}

/** @gqlEnum */
enum Enum {
  /** Valid enum value. */
  VALID = "VALID",
  /** Invalid enum value. */
  INVALID = "INVALID",
}

-----------------
OUTPUT
-----------------
directive @methodName(name: String!) on FIELD_DEFINITION

directive @exported(filename: String!, functionName: String!) on FIELD_DEFINITION

type SomeType {
  hello: String
}

enum Enum {
  """Valid enum value."""
  VALID
  """Invalid enum value."""
  INVALID
}