-----------------
INPUT
----------------- 
/** @gqlType */
class SomeType {
  /** @gqlField */
  hello: string;
}

/**
 * World's best enum.
 *
 * @gqlEnum
 */
enum Enum {
  VALID = "VALID",
  INVALID = "INVALID",
}

-----------------
OUTPUT
-----------------
directive @asyncIterable on FIELD_DEFINITION

directive @propertyName(name: String!) on FIELD_DEFINITION

directive @exported(tsModulePath: String!, functionName: String!, argCount: Int!) on FIELD_DEFINITION

type SomeType {
  hello: String
}

"""World's best enum."""
enum Enum {
  VALID
  INVALID
}