-----------------
INPUT
----------------- 
/** @gqlType */
class SomeType {
  /** @gqlField */
  hello: MyEnum;
}

/** @gqlEnum */
type MyEnum = "VALID" | "INVALID";

-----------------
OUTPUT
-----------------
-- SDL --
type SomeType {
  hello: MyEnum
}

enum MyEnum {
  VALID
  INVALID
}
-- TypeScript --
import { GraphQLSchema, GraphQLObjectType, GraphQLEnumType } from "graphql";
function getSchema(): GraphQLSchema {
    const MyEnumType: GraphQLEnumType = new GraphQLEnumType({
        name: "MyEnum",
        values: {
            VALID: {
                value: "VALID"
            },
            INVALID: {
                value: "INVALID"
            }
        }
    });
    const SomeTypeType: GraphQLObjectType = new GraphQLObjectType({
        name: "SomeType",
        fields() {
            return {
                hello: {
                    name: "hello",
                    type: MyEnumType
                }
            };
        }
    });
    return new GraphQLSchema({
        types: [SomeTypeType, MyEnumType]
    });
}
export { getSchema };
