-----------------
INPUT
----------------- 
/** @GQLType */
class Query {
  /** @GQLField */
  hello: string;
}

/**
 * World's best enum.
 *
 * @GQLEnum
 */
enum Enum {
  VALID = "VALID",
  INVALID = "INVALID",
}

-----------------
OUTPUT
-----------------
schema {
  query: Query
}

directive @methodName(name: String!) on FIELD_DEFINITION

directive @exported(filename: String!, functionName: String!) on FIELD_DEFINITION

type Query {
  hello: String
}

"World's best enum."
enum Enum {
  VALID
  INVALID
}