-----------------
INPUT
----------------- 
/** @gqlScalar String */
type MyUrl = string;

-----------------
OUTPUT
-----------------
-- SDL --

-- TypeScript --
import { GraphQLSchema } from "graphql";
export function getSchema(): GraphQLSchema {
    return new GraphQLSchema({
        types: []
    });
}
