-----------------
INPUT
----------------- 
/** @gqlType */
class User {
  __typename = "User";
  /** @gqlField */
  name(): string {
    return "Alice";
  }
}

/** @gqlType */
class Group {
  __typename = "Group";
  /** @gqlField */
  name(): string {
    return "Fan Club";
  }
}

/** @gqlUnion */
type MyUnion = User | Group;

-----------------
OUTPUT
-----------------
directive @methodName(name: String!) on FIELD_DEFINITION

directive @exported(filename: String!, functionName: String!) on FIELD_DEFINITION

type User {
  name: String
}

type Group {
  name: String
}

union MyUnion = User | Group