import { ID } from "grats";

/** @gqlInterface Node */
interface GqlNode {
  /** @gqlField */
  id: ID;
}

=== SNIP ===
interface Node {
  id: ID
}
=== SNIP ===
import { GraphQLSchema, GraphQLInterfaceType, GraphQLID } from "graphql";
export function getSchema(): GraphQLSchema {
    const NodeType: GraphQLInterfaceType = new GraphQLInterfaceType({
        name: "Node",
        fields() {
            return { id: {
                name: "id",
                type: GraphQLID
            } };
        }
    });
    return new GraphQLSchema({ types: [NodeType] });
}
