/** @gqlEnum */
type MyEnum =
  /** The request succeeded. */
  | "OK"
  /** @deprecated Please use OK instead. */
  | "OKAY"
  | "ERROR";

=== SNIP ===
enum MyEnum {
  ERROR
  """The request succeeded."""
  OK
  OKAY @deprecated(reason: "Please use OK instead.")
}
=== SNIP ===
import { GraphQLSchema, GraphQLEnumType } from "graphql";
export function getSchema(): GraphQLSchema {
    const MyEnumType: GraphQLEnumType = new GraphQLEnumType({
        name: "MyEnum",
        values: {
            ERROR: { value: "ERROR" },
            OK: {
                description: "The request succeeded.",
                value: "OK"
            },
            OKAY: {
                deprecationReason: "Please use OK instead.",
                value: "OKAY"
            }
        }
    });
    return new GraphQLSchema({ types: [MyEnumType] });
}
