-----------------
INPUT
----------------- 
interface IThing {
  name: string;
}

/**
 * @gqlInterface
 */
export interface IPerson extends IThing {
  /** @gqlField */
  name: string;
}

-----------------
OUTPUT
-----------------
-- SDL --
directive @asyncIterable on FIELD_DEFINITION

directive @propertyName(name: String!) on FIELD_DEFINITION

directive @exported(tsModulePath: String!, functionName: String!, argCount: Int!) on FIELD_DEFINITION

interface IPerson {
  name: String
}
-- TypeScript --
import { GraphQLSchema, GraphQLInterfaceType, GraphQLString } from "graphql";
function getSchema(): GraphQLSchema {
    const IPersonType: GraphQLInterfaceType = new GraphQLInterfaceType({
        name: "IPerson",
        fields() {
            return {
                name: {
                    name: "name",
                    type: GraphQLString
                }
            };
        }
    });
    return new GraphQLSchema({
        types: [IPersonType]
    });
}
export { getSchema };
