-----------------
INPUT
----------------- 
/** @gqlType */
export default class SomeType {
  /** @gqlField */
  me(): IPerson {
    return new User();
  }
}

/** @gqlInterface Person */
interface IPerson {
  /** @gqlField */
  name: string;
}

/** @gqlType */
class User implements IPerson {
  __typename = "User";
  /** @gqlField */
  name: string;
}

-----------------
OUTPUT
-----------------
directive @asyncIterable on FIELD_DEFINITION

directive @methodName(name: String!) on FIELD_DEFINITION

directive @exported(jsModulePath: String!, tsModulePath: String!, functionName: String!) on FIELD_DEFINITION

type SomeType {
  me: Person
}

interface Person {
  name: String
}

type User implements Person {
  name: String
}