-----------------
INPUT
----------------- 
/** @gqlType */
export default class SomeType {
  /** @gqlField */
  me(): User {
    return new User();
  }
}

class Person {
  name: string;
}

/** @gqlInterface */
interface Actor {
  /** @gqlField */
  name: string;
}

/** @gqlType */
class User extends Person implements Actor {
  __typename = "User";
  /** @gqlField */
  name: string;
}

-----------------
OUTPUT
-----------------
directive @asyncIterable on FIELD_DEFINITION

directive @methodName(name: String!) on FIELD_DEFINITION

directive @exported(jsModulePath: String!, tsModulePath: String!, functionName: String!) on FIELD_DEFINITION

type SomeType {
  me: User
}

interface Actor {
  name: String
}

type User implements Actor {
  name: String
}