-----------------
INPUT
----------------- 
/** @gqlType */
export default class SomeType {
  /** @gqlField */
  me(): User {
    return new User();
  }
}

/** @gqlInterface */
interface Person<T> {
  /** @gqlField */
  name: string;

  other: T;
}

/** @gqlType */
class User implements Person<string> {
  __typename = "User";
  /** @gqlField */
  name: string;

  other: string;
}

-----------------
OUTPUT
-----------------
directive @asyncIterable on FIELD_DEFINITION

directive @propertyName(name: String!) on FIELD_DEFINITION

directive @exported(tsModulePath: String!, functionName: String!, argCount: Int!) on FIELD_DEFINITION

type SomeType {
  me: User
}

interface Person {
  name: String
}

type User implements Person {
  name: String
}