-----------------
INPUT
----------------- 
/** @GQLType */
export default class Query {
  /** @GQLField */
  me(): User {
    return new User();
  }
}

/** @GQLInterface */
interface Person {
  /** @GQLField */
  name: string;
}

/** @GQLType */
class User implements Person {
  /** @GQLField */
  name: string;
}

-----------------
OUTPUT
-----------------
directive @renameField(name: String!) on FIELD_DEFINITION

type Query {
  me: User
}

interface Person {
  name: String
}

type User implements Person {
  name: String
}