-----------------
INPUT
----------------- 
/** @GQLType */
export default class Query {
  /** @GQLField */
  me(): User {
    return new User();
  }
}

/** @GQLInterface */
interface Person {
  /** @GQLField */
  name: string;
}

/** @GQLInterface */
interface Actor {
  /** @GQLField */
  name: string;
}

/** @GQLType */
class User implements Person, Actor {
  /** @GQLField */
  name: string;
}

-----------------
OUTPUT
-----------------
schema {
  query: Query
}

directive @methodName(name: String!) on FIELD_DEFINITION

type Query {
  me: User
}

interface Person {
  name: String
}

interface Actor {
  name: String
}

type User implements Person & Actor {
  name: String
}