-----------------
INPUT
----------------- 
/** @gqlType */
export default class Query {
  /** @gqlField */
  me(): User {
    return new User();
  }
}

/**
 * An interface describing the common elements of all people types.
 *
 * @gqlInterface
 */
interface IPerson {
  /** @gqlField */
  name: string;
}

/** @gqlType */
class User implements IPerson {
  __typename = "User";
  /** @gqlField */
  name: string;
}

-----------------
OUTPUT
-----------------
schema {
  query: Query
}

directive @methodName(name: String!) on FIELD_DEFINITION

directive @exported(filename: String!, functionName: String!) on FIELD_DEFINITION

type Query {
  me: User
}

"An interface describing the common elements of all people types."
interface IPerson {
  name: String
}

type User implements IPerson {
  name: String
}