-----------------
INPUT
----------------- 
declare const Foo: {
  prototype: Foo;
  new (): Foo;
};

/** @gqlInterface */
interface Foo {
  /** @gqlField */
  id: string;
}

-----------------
OUTPUT
-----------------
-- SDL --
interface Foo {
  id: String @metadata
}
-- TypeScript --
import { GraphQLSchema, GraphQLInterfaceType, GraphQLString } from "graphql";
export function getSchema(): GraphQLSchema {
    const FooType: GraphQLInterfaceType = new GraphQLInterfaceType({
        name: "Foo",
        fields() {
            return {
                id: {
                    name: "id",
                    type: GraphQLString
                }
            };
        },
        resolveType
    });
    return new GraphQLSchema({
        types: [FooType]
    });
}
const typeNameMap = new Map();

function resolveType(obj: any): string {
  if (typeof obj.__typename === "string") {
    return obj.__typename;
  }

  let prototype = Object.getPrototypeOf(obj);
  while (prototype) {
    const name = typeNameMap.get(prototype.constructor);
    if (name != null) {
      return name;
    }
    prototype = Object.getPrototypeOf(prototype);
  }

  throw new Error("Cannot find type name");
}