-----------------
INPUT
----------------- 
/** @gqlType */
export default class Query {
  /** @gqlField */
  me(): User {
    return new User();
  }
}

/** @gqlInterface */
interface IPerson {
  /**
   * The person's name
   * @gqlField
   */
  name: string;
}

/** @gqlType */
class User implements IPerson {
  __typename = "User";
  /**
   * The user's name
   * @gqlField
   */
  name: string;
}

-----------------
OUTPUT
-----------------
schema {
  query: Query
}

directive @methodName(name: String!) on FIELD_DEFINITION

directive @exported(filename: String!, functionName: String!) on FIELD_DEFINITION

type Query {
  me: User
}

interface IPerson {
  """The person's name"""
  name: String
}

type User implements IPerson {
  """The user's name"""
  name: String
}