-----------------
INPUT
----------------- 
/** @gqlField */
function greet(_: Query): string {
  return "Hello, World!";
}

/** @gqlType */
type Query = unknown;

-----------------
OUTPUT
-----------------
- Expected
+ Received

@@ -1,5 +1,5 @@
  /** @gqlField */
- function greet(_: Query): string {
+ export function greet(_: Query): string {
    return "Hello, World!";
  }
