-----------------
INPUT
----------------- 
/** @gqlContext */
type RootContext = {
  userName: string;
};

type DerivedContext = {
  greeting: string;
};

/** @gqlContext */
export function greetingContext(ctx: RootContext): DerivedContext {
  return { greeting: `Hello, ${ctx.userName}!` };
}

/** @gqlType */
type Query = unknown;

/** @gqlField */
export function greeting(_: Query, ctx: DerivedContext): string {
  return ctx.greeting;
}

/** @gqlField */
export function farewell(_: Query, ctx: DerivedContext): string {
  return `${ctx.greeting}... NOT!`;
}

-----------------
OUTPUT
-----------------
-- SDL --
type Query {
  farewell: String
  greeting: String
}
-- TypeScript --
import { farewell as queryFarewellResolver, greetingContext as greetingContext, greeting as queryGreetingResolver } from "./derivedContextUsedMultipleTimes";
import { GraphQLSchema, GraphQLObjectType, GraphQLString } from "graphql";
export function getSchema(): GraphQLSchema {
    const QueryType: GraphQLObjectType = new GraphQLObjectType({
        name: "Query",
        fields() {
            return {
                farewell: {
                    name: "farewell",
                    type: GraphQLString,
                    resolve(source) {
                        return queryFarewellResolver(source, greetingContext(context));
                    }
                },
                greeting: {
                    name: "greeting",
                    type: GraphQLString,
                    resolve(source) {
                        return queryGreetingResolver(source, greetingContext(context));
                    }
                }
            };
        }
    });
    return new GraphQLSchema({
        query: QueryType,
        types: [QueryType]
    });
}
