-----------------
INPUT
----------------- 
/** @gqlType */
export class User {
  constructor(public id: string, public name: string) {}

  /** @gqlField */
  getId(): string {
    return this.id;
  }

  /** @gqlField */
  getName(): string {
    return this.name;
  }
}

/** @gqlType */
export class UserService {
  /**
   * @gqlQueryField createUser
   */
  constructor(public id: string, public name: string) {}

  /** @gqlField */
  getUser(): User {
    return new User(this.id, this.name);
  }
}
-----------------
OUTPUT
-----------------
-- SDL --
type Query {
  createUser(id: String!, name: String!): UserService
}

type User {
  getId: String
  getName: String
}

type UserService {
  getUser: User
}
-- TypeScript --
import { UserService as queryCreateUserResolver } from "./SimpleConstructorResolver";
import { GraphQLSchema, GraphQLObjectType, GraphQLString, GraphQLNonNull } from "graphql";
export function getSchema(): GraphQLSchema {
    const UserType: GraphQLObjectType = new GraphQLObjectType({
        name: "User",
        fields() {
            return {
                getId: {
                    name: "getId",
                    type: GraphQLString
                },
                getName: {
                    name: "getName",
                    type: GraphQLString
                }
            };
        }
    });
    const UserServiceType: GraphQLObjectType = new GraphQLObjectType({
        name: "UserService",
        fields() {
            return {
                getUser: {
                    name: "getUser",
                    type: UserType
                }
            };
        }
    });
    const QueryType: GraphQLObjectType = new GraphQLObjectType({
        name: "Query",
        fields() {
            return {
                createUser: {
                    name: "createUser",
                    type: UserServiceType,
                    args: {
                        id: {
                            type: new GraphQLNonNull(GraphQLString)
                        },
                        name: {
                            type: new GraphQLNonNull(GraphQLString)
                        }
                    },
                    resolve(_source, args) {
                        return new queryCreateUserResolver(args.id, args.name);
                    }
                }
            };
        }
    });
    return new GraphQLSchema({
        query: QueryType,
        types: [QueryType, UserType, UserServiceType]
    });
}
