-----------------
INPUT
----------------- 
/** @gqlType */
export default class SomeType {
  /** @gqlField */
  b: Promise<string>[];
  /** @gqlField */
  c: Array<Promise<string>>;
}

-----------------
OUTPUT
-----------------
-- SDL --
type SomeType {
  b: [String!] @resolver(kind: {property: {}})
  c: [String!] @resolver(kind: {property: {}})
}
-- TypeScript --
import { GraphQLSchema, GraphQLObjectType, GraphQLList, GraphQLNonNull, GraphQLString } from "graphql";
export function getSchema(): GraphQLSchema {
    const SomeTypeType: GraphQLObjectType = new GraphQLObjectType({
        name: "SomeType",
        fields() {
            return {
                b: {
                    name: "b",
                    type: new GraphQLList(new GraphQLNonNull(GraphQLString))
                },
                c: {
                    name: "c",
                    type: new GraphQLList(new GraphQLNonNull(GraphQLString))
                }
            };
        }
    });
    return new GraphQLSchema({
        types: [SomeTypeType]
    });
}
