-----------------
INPUT
----------------- 
/** @GQLType */
export default class Query {
  /** @GQLField */
  hello(): string[] {
    return ["Hello world!"];
  }
}

-----------------
OUTPUT
-----------------
directive @renameField(name: String!) on FIELD_DEFINITION

type Query {
  hello: [String!]
}