-----------------
INPUT
----------------- 
/** @gqlType */
export default class SomeType {
  /** @gqlField */
  b: Promise<string>[];
  /** @gqlField */
  c: Array<Promise<string>>;
}

-----------------
OUTPUT
-----------------
-- SDL --
type SomeType @exported(exportName: "SomeType", tsModulePath: "grats/src/tests/fixtures/field_values/ArrayOfPromises.ts") {
  b: [String!] @metadata
  c: [String!] @metadata
}
-- TypeScript --
import { SomeType as SomeTypeClass } from "./ArrayOfPromises";
import { GraphQLSchema, GraphQLObjectType, GraphQLList, GraphQLNonNull, GraphQLString } from "graphql";
export function getSchema(): GraphQLSchema {
    const SomeTypeType: GraphQLObjectType = new GraphQLObjectType({
        name: "SomeType",
        fields() {
            return {
                b: {
                    name: "b",
                    type: new GraphQLList(new GraphQLNonNull(GraphQLString))
                },
                c: {
                    name: "c",
                    type: new GraphQLList(new GraphQLNonNull(GraphQLString))
                }
            };
        }
    });
    return new GraphQLSchema({
        types: [SomeTypeType]
    });
}
const typeNameMap = new Map();
typeNameMap.set(SomeTypeClass, "SomeType");

function resolveType(obj: any): string {
  if (typeof obj.__typename === "string") {
    return obj.__typename;
  }

  let prototype = Object.getPrototypeOf(obj);
  while (prototype) {
    const name = typeNameMap.get(prototype.constructor);
    if (name != null) {
      return name;
    }
    prototype = Object.getPrototypeOf(prototype);
  }

  throw new Error("Cannot find type name");
}