-----------------
INPUT
----------------- 
/** @GQLType */
export default class Query {
  /** @GQLField */
  async hello(): Promise<string> {
    return "Hello world!";
  }
}

-----------------
OUTPUT
-----------------
schema {
  query: Query
}

directive @methodName(name: String!) on FIELD_DEFINITION

type Query {
  hello: String
}