-----------------
INPUT
----------------- 
/** @gqlType */
export default class Query {
  /** @gqlField */
  haveBeenGreeted(): boolean {
    return false;
  }
}

-----------------
OUTPUT
-----------------
schema {
  query: Query
}

directive @methodName(name: String!) on FIELD_DEFINITION

directive @exported(filename: String!, functionName: String!) on FIELD_DEFINITION

type Query {
  haveBeenGreeted: Boolean
}