-----------------
INPUT
----------------- 
/** @gqlScalar */
type MyString = string;

/** @gqlType */
export default class SomeType {
  /** @gqlField */
  hello(): MyString {
    return "Hello world!";
  }
}

-----------------
OUTPUT
-----------------
-- SDL --
scalar MyString

type SomeType {
  hello: MyString @metadata(argCount: 0)
}
-- TypeScript --
import { SomeType as SomeTypeClass } from "./CustomScalar";
import { GraphQLSchema, GraphQLScalarType, GraphQLObjectType } from "graphql";
export function getSchema(): GraphQLSchema {
    const MyStringType: GraphQLScalarType = new GraphQLScalarType({
        name: "MyString"
    });
    const SomeTypeType: GraphQLObjectType = new GraphQLObjectType({
        name: "SomeType",
        fields() {
            return {
                hello: {
                    name: "hello",
                    type: MyStringType
                }
            };
        }
    });
    return new GraphQLSchema({
        types: [MyStringType, SomeTypeType]
    });
}
