-----------------
INPUT
----------------- 
/** @gqlType */
export default class SomeType {
  /** @gqlField */
  hello(args: { greeting: string }): string {
    return `${args.greeting ?? "Hello"} world!`;
  }

  /** @gqlField */
  greetings(args: { greeting: string }): string[] {
    return [`${args.greeting ?? "Hello"} world!`];
  }
  /** @gqlField */
  greetings1(args: { greeting: string }): Array<string> {
    return [`${args.greeting ?? "Hello"} world!`];
  }
  /** @gqlField */
  greetings2(args: { greeting: string }): ReadonlyArray<string> {
    return [`${args.greeting ?? "Hello"} world!`];
  }

  /** @gqlField */
  me(): User {
    return new User();
  }
}

/** @gqlType */
class User {
  /** @gqlField */
  name(): string {
    return "Alice";
  }
  /** @gqlField */
  groups(): Group[] {
    return [new Group()];
  }
}

/** @gqlType */
class Group {
  /** @gqlField */
  description: string;

  constructor() {
    this.description = "A group of people";
  }

  /** @gqlField */
  name(): string {
    return "Pal's Club";
  }
  /** @gqlField */
  async members(): Promise<User[]> {
    return [new User()];
  }
}

-----------------
OUTPUT
-----------------
-- SDL --
type Group {
  description: String @metadata
  members: [User!] @metadata(argCount: 0)
  name: String @metadata(argCount: 0)
}

type SomeType @exported(exportName: "SomeType", tsModulePath: "grats/src/tests/fixtures/field_values/KitchenSink.ts") {
  greetings(greeting: String!): [String!] @metadata(argCount: 1)
  greetings1(greeting: String!): [String!] @metadata(argCount: 1)
  greetings2(greeting: String!): [String!] @metadata(argCount: 1)
  hello(greeting: String!): String @metadata(argCount: 1)
  me: User @metadata(argCount: 0)
}

type User {
  groups: [Group!] @metadata(argCount: 0)
  name: String @metadata(argCount: 0)
}
-- TypeScript --
import { SomeType as SomeTypeClass } from "./KitchenSink";
import { GraphQLSchema, GraphQLObjectType, GraphQLString, GraphQLList, GraphQLNonNull } from "graphql";
export function getSchema(): GraphQLSchema {
    const UserType: GraphQLObjectType = new GraphQLObjectType({
        name: "User",
        fields() {
            return {
                groups: {
                    name: "groups",
                    type: new GraphQLList(new GraphQLNonNull(GroupType))
                },
                name: {
                    name: "name",
                    type: GraphQLString
                }
            };
        }
    });
    const GroupType: GraphQLObjectType = new GraphQLObjectType({
        name: "Group",
        fields() {
            return {
                description: {
                    name: "description",
                    type: GraphQLString
                },
                members: {
                    name: "members",
                    type: new GraphQLList(new GraphQLNonNull(UserType))
                },
                name: {
                    name: "name",
                    type: GraphQLString
                }
            };
        }
    });
    const SomeTypeType: GraphQLObjectType = new GraphQLObjectType({
        name: "SomeType",
        fields() {
            return {
                greetings: {
                    name: "greetings",
                    type: new GraphQLList(new GraphQLNonNull(GraphQLString)),
                    args: {
                        greeting: {
                            name: "greeting",
                            type: new GraphQLNonNull(GraphQLString)
                        }
                    }
                },
                greetings1: {
                    name: "greetings1",
                    type: new GraphQLList(new GraphQLNonNull(GraphQLString)),
                    args: {
                        greeting: {
                            name: "greeting",
                            type: new GraphQLNonNull(GraphQLString)
                        }
                    }
                },
                greetings2: {
                    name: "greetings2",
                    type: new GraphQLList(new GraphQLNonNull(GraphQLString)),
                    args: {
                        greeting: {
                            name: "greeting",
                            type: new GraphQLNonNull(GraphQLString)
                        }
                    }
                },
                hello: {
                    name: "hello",
                    type: GraphQLString,
                    args: {
                        greeting: {
                            name: "greeting",
                            type: new GraphQLNonNull(GraphQLString)
                        }
                    }
                },
                me: {
                    name: "me",
                    type: UserType
                }
            };
        }
    });
    return new GraphQLSchema({
        types: [GroupType, SomeTypeType, UserType]
    });
}
const typeNameMap = new Map();
typeNameMap.set(SomeTypeClass, "SomeType");

function resolveType(obj: any): string {
  if (typeof obj.__typename === "string") {
    return obj.__typename;
  }

  let prototype = Object.getPrototypeOf(obj);
  while (prototype) {
    const name = typeNameMap.get(prototype.constructor);
    if (name != null) {
      return name;
    }
    prototype = Object.getPrototypeOf(prototype);
  }

  throw new Error("Cannot find type name");
}