-----------------
INPUT
----------------- 
/** @gqlType */
export default class SomeType {
  /** @gqlField */
  b: Promise<Promise<string>>;
}

-----------------
OUTPUT
-----------------
-- SDL --
type SomeType {
  b: String @metadata
}
-- TypeScript --
import { SomeType as SomeTypeClass } from "./PromiseOfPromise";
import { GraphQLSchema, GraphQLObjectType, GraphQLString } from "graphql";
export function getSchema(): GraphQLSchema {
    const SomeTypeType: GraphQLObjectType = new GraphQLObjectType({
        name: "SomeType",
        fields() {
            return {
                b: {
                    name: "b",
                    type: GraphQLString
                }
            };
        }
    });
    return new GraphQLSchema({
        types: [SomeTypeType]
    });
}
