-----------------
INPUT
----------------- 
/** @gqlType */
export default class SomeType {
  /** @gqlField */
  hello(): ReadonlyArray<string> {
    return ["Hello world!"];
  }
}

-----------------
OUTPUT
-----------------
-- SDL --
type SomeType {
  hello: [String!] @resolver(kind: {method: {arguments: []}})
}
-- TypeScript --
import { GraphQLSchema, GraphQLObjectType, GraphQLList, GraphQLNonNull, GraphQLString } from "graphql";
export function getSchema(): GraphQLSchema {
    const SomeTypeType: GraphQLObjectType = new GraphQLObjectType({
        name: "SomeType",
        fields() {
            return {
                hello: {
                    name: "hello",
                    type: new GraphQLList(new GraphQLNonNull(GraphQLString))
                }
            };
        }
    });
    return new GraphQLSchema({
        types: [SomeTypeType]
    });
}
