-----------------
INPUT
----------------- 
/** @GQLType */
class Query {
  /** @GQLField */
  me: UserResolver;
}

/** @GQLType User */
class UserResolver {
  /** @GQLField */
  name: string;
}

-----------------
OUTPUT
-----------------
schema {
  query: Query
}

directive @methodName(name: String!) on FIELD_DEFINITION

directive @exported(filename: String!, functionName: String!) on FIELD_DEFINITION

type Query {
  me: User
}

type User {
  name: String
}