-----------------
INPUT
----------------- 
/** @gqlType User */
class UserResolver {
  /** @gqlField */
  name: string;
}

/** @gqlType */
class SomeType {
  /** @gqlField */
  me: UserResolver;
}

-----------------
OUTPUT
-----------------
-- SDL --
type User {
  name: String
}

type SomeType {
  me: User
}
-- TypeScript --
import { GraphQLSchema, GraphQLObjectType, GraphQLString } from "graphql";
export function getSchema(): GraphQLSchema {
    const UserType: GraphQLObjectType = new GraphQLObjectType({
        name: "User",
        fields() {
            return {
                name: {
                    name: "name",
                    type: GraphQLString
                }
            };
        }
    });
    const SomeTypeType: GraphQLObjectType = new GraphQLObjectType({
        name: "SomeType",
        fields() {
            return {
                me: {
                    name: "me",
                    type: UserType
                }
            };
        }
    });
    return new GraphQLSchema({
        types: [UserType, SomeTypeType]
    });
}
