-----------------
INPUT
----------------- 
/** @gqlType */
export default class SomeType {
  /**
   * @gqlField
   * @killsParentOnException
   */
  hello(): string {
    return "Hello world!";
  }
}

-----------------
OUTPUT
-----------------
-- SDL --
type SomeType {
  hello: String!
}
-- TypeScript --
import type TSomeType from "./StringFieldKillsParentOnException";
import { GraphQLSchema, GraphQLObjectType, GraphQLNonNull, GraphQLString } from "graphql";
export function getSchema(): GraphQLSchema {
    const SomeTypeType: GraphQLObjectType = new GraphQLObjectType<TSomeType>({
        name: "SomeType",
        fields() {
            return {
                hello: {
                    name: "hello",
                    type: new GraphQLNonNull(GraphQLString)
                }
            };
        }
    });
    return new GraphQLSchema({
        types: [SomeTypeType]
    });
}
