-----------------
INPUT
----------------- 
// { "nullableByDefault": false }
/** @gqlType */
export class User {
  /** @gqlField */
  async *greetings(): AsyncIterable<string> {
    yield "Hello";
    yield "World";
  }

  /** @gqlField */
  async *maybeGreetings(): AsyncIterable<string> | null {
    null;
  }
  /** @gqlField */
  async *greetingsMaybe(): AsyncIterable<string | null> {
    null;
  }

  /** @gqlField */
  async *maybeGreetingsMaybe(): AsyncIterable<string | null> | null {
    null;
  }
}

-----------------
OUTPUT
-----------------
-- SDL --
type User @exported(exportName: "User", tsModulePath: "grats/src/tests/fixtures/subscriptions/NonSubscriptionClassWithAsyncIterable.ts") {
  greetings: [String!]! @metadata(argCount: 0)
  greetingsMaybe: [String]! @metadata(argCount: 0)
  maybeGreetings: [String!] @metadata(argCount: 0)
  maybeGreetingsMaybe: [String] @metadata(argCount: 0)
}
-- TypeScript --
import { GraphQLSchema, GraphQLObjectType, GraphQLNonNull, GraphQLList, GraphQLString } from "graphql";
export function getSchema(): GraphQLSchema {
    const UserType: GraphQLObjectType = new GraphQLObjectType({
        name: "User",
        fields() {
            return {
                greetings: {
                    name: "greetings",
                    type: new GraphQLNonNull(new GraphQLList(new GraphQLNonNull(GraphQLString)))
                },
                greetingsMaybe: {
                    name: "greetingsMaybe",
                    type: new GraphQLNonNull(new GraphQLList(GraphQLString))
                },
                maybeGreetings: {
                    name: "maybeGreetings",
                    type: new GraphQLList(new GraphQLNonNull(GraphQLString))
                },
                maybeGreetingsMaybe: {
                    name: "maybeGreetingsMaybe",
                    type: new GraphQLList(GraphQLString)
                }
            };
        }
    });
    return new GraphQLSchema({
        types: [UserType]
    });
}
