-----------------
INPUT
----------------- 
/** @gqlType */
export type SomeType = unknown;

/** @gqlField */
export function greeting(_: SomeType): string {
  return "Hello world";
}

-----------------
OUTPUT
-----------------
directive @methodName(name: String!) on FIELD_DEFINITION

directive @exported(jsModulePath: String!, tsModulePath: String!, functionName: String!) on FIELD_DEFINITION

type SomeType {
  greeting: String @exported(jsModulePath: "tests/fixtures/type_definitions_from_alias/AliasOfUnknownDefinesType.js", tsModulePath: "tests/fixtures/type_definitions_from_alias/AliasOfUnknownDefinesType.ts", functionName: "greeting")
}