-----------------
INPUT
----------------- 
/**
 * The root of all evil.
 *
 * @gqlType
 */
export type SomeType = {
  /** @gqlField */
  hello: string;
};

-----------------
OUTPUT
-----------------
directive @asyncIterable on FIELD_DEFINITION

directive @propertyName(name: String!) on FIELD_DEFINITION

directive @exported(tsModulePath: String!, functionName: String!, argCount: Int!) on FIELD_DEFINITION

"""The root of all evil."""
type SomeType {
  hello: String
}