-----------------
INPUT
----------------- 
/** @gqlType */
export type SomeType = 10;

-----------------
OUTPUT
-----------------
src/tests/fixtures/type_definitions_from_alias/AliasIsNumberNotLiteral.invalid.ts:2:24 - error: Expected `@gqlType` type to be a type literal or `unknown`. For example: `type Foo = { bar: string }` or `type Query = unknown`.

2 export type SomeType = 10;
                         ~~
