-----------------
INPUT
----------------- 
/** @gqlType */
type Query = unknown;

/** @gqlField */
export function foo(_: Query): string {
  return "foo";
}

-----------------
OUTPUT
-----------------
schema {
  query: Query
}

directive @asyncIterable on FIELD_DEFINITION

directive @methodName(name: String!) on FIELD_DEFINITION

directive @exported(jsModulePath: String!, tsModulePath: String!, functionName: String!, argCount: Int!) on FIELD_DEFINITION

type Query {
  foo: String @exported(jsModulePath: "grats/src/tests/fixtures/type_definitions_from_alias/QueryAsAliasOfUnknown.js", tsModulePath: "grats/src/tests/fixtures/type_definitions_from_alias/QueryAsAliasOfUnknown.ts", functionName: "foo", argCount: 1)
}