-----------------
INPUT
----------------- 
/**
 * @gqlType SomeType
 */
type MyAlias = {
  /** @gqlField */
  hello: string;
};

-----------------
OUTPUT
-----------------
directive @asyncIterable on FIELD_DEFINITION

directive @propertyName(name: String!) on FIELD_DEFINITION

directive @exported(tsModulePath: String!, functionName: String!, argCount: Int!) on FIELD_DEFINITION

type SomeType {
  hello: String
}