-----------------
INPUT
----------------- 
/**
 * @gqlType SomeType
 */
type MyAlias = {
  /** @gqlField */
  hello: string;
};

-----------------
OUTPUT
-----------------
-- SDL --
type SomeType {
  hello: String @resolver(kind: {property: {}})
}
-- TypeScript --
import { GraphQLSchema, GraphQLObjectType, GraphQLString } from "graphql";
export function getSchema(): GraphQLSchema {
    const SomeTypeType: GraphQLObjectType = new GraphQLObjectType({
        name: "SomeType",
        fields() {
            return {
                hello: {
                    name: "hello",
                    type: GraphQLString
                }
            };
        }
    });
    return new GraphQLSchema({
        types: [SomeTypeType]
    });
}
