-----------------
INPUT
----------------- 
// {"schemaHeader": "# Generated SDL", "tsSchemaHeader": "// Generated TS"}
/** @gqlType */
export default class SomeType {
  /** @gqlField */
  hello: string;
}

-----------------
OUTPUT
-----------------
-- SDL --
# Generated SDL
type SomeType {
  hello: String @metadata
}
-- TypeScript --
// Generated TS
import { SomeType as SomeTypeClass } from "./customHeaders";
import { GraphQLSchema, GraphQLObjectType, GraphQLString } from "graphql";
export function getSchema(): GraphQLSchema {
    const SomeTypeType: GraphQLObjectType = new GraphQLObjectType({
        name: "SomeType",
        fields() {
            return {
                hello: {
                    name: "hello",
                    type: GraphQLString
                }
            };
        }
    });
    return new GraphQLSchema({
        types: [SomeTypeType]
    });
}
