-----------------
INPUT
----------------- 
/** @GQLType */
export default class Query {
  /** @GQLField */
  hello({ greeting = "hello" }: { greeting: string }): string {
    return `${greeting} world!`;
  }
}

-----------------
OUTPUT
-----------------
directive @renameField(name: String!) on FIELD_DEFINITION

type Query {
  hello(greeting: String! = "hello"): String
}