-----------------
INPUT
----------------- 
/** @gqlType */
export default class SomeType {
  /** @gqlField */
  someField1({
    inputs = ["hello", "there"],
  }: {
    inputs?: string[] | null;
  }): string {
    if (inputs === null) {
      return "got null";
    }
    return inputs.join("|");
  }
}

-----------------
OUTPUT
-----------------
-- SDL --
type SomeType @exported(exportName: "SomeType", tsModulePath: "grats/src/tests/fixtures/default_values/DefaultArgumentArray.ts") {
  someField1(inputs: [String!] = ["hello", "there"]): String @metadata(argCount: 1)
}
-- TypeScript --
import { GraphQLSchema, GraphQLObjectType, GraphQLString, GraphQLList, GraphQLNonNull } from "graphql";
export function getSchema(): GraphQLSchema {
    const SomeTypeType: GraphQLObjectType = new GraphQLObjectType({
        name: "SomeType",
        fields() {
            return {
                someField1: {
                    name: "someField1",
                    type: GraphQLString,
                    args: {
                        inputs: {
                            name: "inputs",
                            type: new GraphQLList(new GraphQLNonNull(GraphQLString)),
                            defaultValue: ["hello", "there"]
                        }
                    }
                }
            };
        }
    });
    return new GraphQLSchema({
        types: [SomeTypeType]
    });
}
