-----------------
INPUT
----------------- 
import { Int } from "../../../Types";

const x = "first";

/** @gqlType */
export default class SomeType {
  /** @gqlField */
  someField1({
    input = { [x]: 10, offset: 100 },
  }: {
    input?: ConnectionInput | null;
  }): string {
    return "hello";
  }
}

/** @gqlInput */
type ConnectionInput = {
  first: Int;
  offset: Int;
};

-----------------
OUTPUT
-----------------
src/tests/fixtures/default_values/DefaultArgumentObjectLiteralDynamicPropertyName.invalid.ts:9:15 - error: Expected an identifier.

9     input = { [x]: 10, offset: 100 },
                ~~~
