-----------------
INPUT
----------------- 
import { Float, Int } from "../../../Types";

/** @gqlType */
export default class SomeType {
  /** @gqlField */
  intField({ count = 10 }: { count: Int }): string {
    return `${count} world!`;
  }
  /** @gqlField */
  floatField({ scale = 10.0 }: { scale: Float }): string {
    return `${scale} world!`;
  }
}

-----------------
OUTPUT
-----------------
directive @methodName(name: String!) on FIELD_DEFINITION

directive @exported(filename: String!, functionName: String!) on FIELD_DEFINITION

type SomeType {
  intField(count: Int! = 10): String
  floatField(scale: Float! = 10): String
}