-----------------
INPUT
----------------- 
/** @gqlType */
export default class SomeType {
  /** @gqlField */
  someField1({ greet = false }: { greet?: boolean }): string {
    if (!greet) return "";
    return "hello";
  }

  /** @gqlField */
  someField2({ greet = true }: { greet?: boolean }): string {
    if (!greet) return "";
    return "hello";
  }
}

-----------------
OUTPUT
-----------------
directive @asyncIterable on FIELD_DEFINITION

directive @methodName(name: String!) on FIELD_DEFINITION

directive @exported(jsModulePath: String!, tsModulePath: String!, functionName: String!, argCount: Int!) on FIELD_DEFINITION

type SomeType {
  someField1(greet: Boolean = false): String
  someField2(greet: Boolean = true): String
}