-----------------
INPUT
----------------- 
import { Int } from "../../../Types";

/** @gqlType */
export default class SomeType {
  /** @gqlField */
  someField1({ inputs = ["hello", "there"] }: { inputs?: string[] }): string {
    return inputs.join("|");
  }
}

-----------------
OUTPUT
-----------------
directive @asyncIterable on FIELD_DEFINITION

directive @methodName(name: String!) on FIELD_DEFINITION

directive @exported(jsModulePath: String!, tsModulePath: String!, functionName: String!, argCount: Int!) on FIELD_DEFINITION

type SomeType {
  someField1(inputs: [String!] = ["hello", "there"]): String
}