/**
 * The main GraphQL context object, derived from the request/cookies.
 * @gqlContext
 */
type Ctx = {
  isAdmin: true;
};

// Use "branded types" to ensure nobody else can construct an AdminToken.
// https://egghead.io/blog/using-branded-types-in-typescript
type AdminToken = "AdminToken" & { __brand: "AdminToken" };

type AssertAdminToken = AdminToken;

/**
 * @gqlContext
 */
export function adminCheck(ctx: Ctx): AssertAdminToken {
  if (!ctx.isAdmin) {
    throw new Error("You do not have permission to access this field");
  }
  return "AdminToken" as AdminToken;
}
// trim-start

/** @gqlQueryField */
export function someField(_admin: AssertAdminToken): string {
  return "You must be an admin!";
}
// trim-end

=== SNIP ===
type Query {
  someField: String
}
=== SNIP ===
import { GraphQLSchema, GraphQLObjectType, GraphQLString } from "graphql";
import { someField as querySomeFieldResolver, adminCheck } from "./09-permissions-assert-token-impl.grats";
export function getSchema(): GraphQLSchema {
    const QueryType: GraphQLObjectType = new GraphQLObjectType({
        name: "Query",
        fields() {
            return { someField: {
                name: "someField",
                type: GraphQLString,
                resolve(_source, _args, context) {
                    return querySomeFieldResolver(adminCheck(context));
                }
            } };
        }
    });
    return new GraphQLSchema({
        query: QueryType,
        types: [QueryType]
    });
}
