-----------------
INPUT
----------------- 
/** @gqlType */
class SomeType {
  /** @gqlField */
  hello: string;
}

/**
 * Use this for URLs.
 * @gqlScalar
 */
type MyUrl = string;

-----------------
OUTPUT
-----------------
-- SDL --
type SomeType {
  hello: String
}

"""Use this for URLs."""
scalar MyUrl
-- TypeScript --
import { GraphQLSchema, GraphQLObjectType, GraphQLString, GraphQLScalarType } from "graphql";
function getSchema(): GraphQLSchema {
    const SomeTypeType: GraphQLObjectType = new GraphQLObjectType({
        name: "SomeType",
        fields() {
            return {
                hello: {
                    name: "hello",
                    type: GraphQLString
                }
            };
        }
    });
    const MyUrlType: GraphQLScalarType = new GraphQLScalarType({
        description: "Use this for URLs.",
        name: "MyUrl"
    });
    return new GraphQLSchema({
        types: [SomeTypeType, MyUrlType]
    });
}
export { getSchema };
