-----------------
INPUT
----------------- 
/** @gqlType */
class SomeType {
  /** @gqlField */
  hello: string;
}

/** @gqlScalar CustomName */
type MyUrl = string;

-----------------
OUTPUT
-----------------
-- SDL --
type SomeType {
  hello: String
}

scalar CustomName
-- TypeScript --
import { GraphQLScalarSerializer, GraphQLScalarValueParser, GraphQLScalarLiteralParser, GraphQLSchema, GraphQLObjectType, GraphQLString, GraphQLScalarType } from "graphql";
type ScalarConfigType<TInternal, TExternal> = {
    serialize: GraphQLScalarSerializer<TExternal>;
    parseValue: GraphQLScalarValueParser<TInternal>;
    parseLiteral: GraphQLScalarLiteralParser<TInternal>;
};
export type SchemaConfigType = {
    scalars: {
        CustomName: ScalarConfigType;
    };
};
export function getSchema(config: SchemaConfigType): GraphQLSchema {
    const SomeTypeType: GraphQLObjectType = new GraphQLObjectType({
        name: "SomeType",
        fields() {
            return {
                hello: {
                    name: "hello",
                    type: GraphQLString
                }
            };
        }
    });
    const CustomNameType: GraphQLScalarType = new GraphQLScalarType({
        name: "CustomName",
        serialize: config.scalars.CustomName.serialize,
        parseValue: config.scalars.CustomName.parseValue,
        parseLiteral: config.scalars.CustomName.parseLiteral
    });
    return new GraphQLSchema({
        types: [SomeTypeType, CustomNameType]
    });
}
