-----------------
INPUT
----------------- 
/** @gqlType */
class SomeType {
  /** @gqlField */
  hello: string;
}

/** @gqlScalar */
type MyUrl = string;

-----------------
OUTPUT
-----------------
-- SDL --
directive @asyncIterable on FIELD_DEFINITION

directive @propertyName(name: String!) on FIELD_DEFINITION

directive @exported(tsModulePath: String!, functionName: String!, argCount: Int!) on FIELD_DEFINITION

type SomeType {
  hello: String
}

scalar MyUrl
-- TypeScript --
import { GraphQLSchema, GraphQLObjectType, GraphQLString, GraphQLScalarType } from "graphql";
const SomeTypeType: GraphQLObjectType = new GraphQLObjectType({
    name: "SomeType",
    fields() {
        return {
            hello: {
                name: "hello",
                type: GraphQLString
            }
        };
    }
});
const MyUrlType: GraphQLScalarType = new GraphQLScalarType({
    name: "MyUrl"
});
const schema = new GraphQLSchema({
    types: [SomeTypeType, MyUrlType]
});
export { schema };
