-----------------
INPUT
----------------- 
/** @gqlType */
class SomeType {
  /** @gqlField */
  hello: string;
}

/**
 * Use this for URLs.
 * @gqlScalar
 */
export type MyUrl = string;

-----------------
OUTPUT
-----------------
-- SDL --
type SomeType {
  hello: String
}

"""Use this for URLs."""
scalar MyUrl @exported(tsModulePath: "grats/src/tests/fixtures/custom_scalars/DefineCustomScalarWithDescription.ts", functionName: "MyUrl", argCount: 0)
-- TypeScript --
import { MyUrl as MyUrlType } from "./DefineCustomScalarWithDescription";
import { GraphQLScalarValueParser, GraphQLScalarLiteralParser, GraphQLSchema, GraphQLObjectType, GraphQLString, GraphQLScalarType, GraphQLScalarSerializer } from "graphql";
type ScalarConfigType<T> = {
    serialize(outputValue: T): any;
    parseValue: GraphQLScalarValueParser<T>;
    parseLiteral: GraphQLScalarLiteralParser<T>;
};
export type SchemaConfigType = {
    scalars: {
        MyUrl: ScalarConfigType<MyUrlType>;
    };
};
export function getSchema(config: SchemaConfigType): GraphQLSchema {
    const SomeTypeType: GraphQLObjectType = new GraphQLObjectType({
        name: "SomeType",
        fields() {
            return {
                hello: {
                    name: "hello",
                    type: GraphQLString
                }
            };
        }
    });
    const MyUrlType: GraphQLScalarType = new GraphQLScalarType<MyUrlType>({
        description: "Use this for URLs.",
        name: "MyUrl",
        serialize: config.scalars.MyUrl.serialize as GraphQLScalarSerializer<MyUrlType>,
        parseValue: config.scalars.MyUrl.parseValue,
        parseLiteral: config.scalars.MyUrl.parseLiteral
    });
    return new GraphQLSchema({
        types: [SomeTypeType, MyUrlType]
    });
}
