-----------------
INPUT
----------------- 
/** @GQLScalar Matrix */
function Foo() {}

-----------------
OUTPUT
-----------------
src/tests/fixtures/custom_scalars/TagAttachedToWrongNode.ts:1:5 - error TS0: `@GQLScalar` can only be used on type alias declarations.

1 /** @GQLScalar Matrix */
      ~~~~~~~~~~~~~~~~~~
