-----------------
INPUT
----------------- 
input Greeting {
  salutation: String!
  name: String!
}

type Query {
  greet(greeting: Greeting): String
}

-----------------
OUTPUT
-----------------
import { GraphQLSchema, GraphQLObjectType, GraphQLString, GraphQLInputObjectType, GraphQLNonNull } from "graphql";
const GreetingType: GraphQLInputObjectType = new GraphQLInputObjectType({
    name: "Greeting",
    fields() {
        return {
            salutation: {
                name: "salutation",
                type: new GraphQLNonNull(GraphQLString)
            },
            name: {
                name: "name",
                type: new GraphQLNonNull(GraphQLString)
            }
        };
    }
});
const QueryType: GraphQLObjectType = new GraphQLObjectType({
    name: "Query",
    fields() {
        return {
            greet: {
                name: "greet",
                type: GraphQLString,
                args: {
                    greeting: {
                        name: "greeting",
                        type: GreetingType
                    }
                }
            }
        };
    }
});
const schema = new GraphQLSchema({
    query: QueryType
});
export { schema };
