-----------------
INPUT
----------------- 
/** @gqlType */
export type Page = {
  /** @gqlField */
  name: string;
};

/** @gqlType */
type User = {
  /** @gqlField */
  pages: Connection<Edge<Page>>;
};

/** @gqlType */
type Edge<T> = {
  /** @gqlField */
  node: T;
  /** @gqlField */
  cursor: string;
};

/** @gqlType */
type Connection<T extends Edge<any>> = {
  /** @gqlField */
  edges: T;
  /** @gqlField */
  pageInfo: PageInfo;
};

/** @gqlType */
type PageInfo = {
  /** @gqlField */
  hasNextPage: boolean;
  /** @gqlField */
  hasPreviousPage: boolean;
  /** @gqlField */
  startCursor: string;
  /** @gqlField */
  endCursor: string;
};

-----------------
OUTPUT
-----------------
-- SDL --
type Page {
  name: String @metadata
}

type PageEdge {
  cursor: String @metadata
  node: Page @metadata
}

type PageEdgeConnection {
  edges: PageEdge @metadata
  pageInfo: PageInfo @metadata
}

type PageInfo {
  endCursor: String @metadata
  hasNextPage: Boolean @metadata
  hasPreviousPage: Boolean @metadata
  startCursor: String @metadata
}

type User {
  pages: PageEdgeConnection @metadata
}
-- TypeScript --
import { GraphQLSchema, GraphQLObjectType, GraphQLString, GraphQLBoolean } from "graphql";
export function getSchema(): GraphQLSchema {
    const PageType: GraphQLObjectType = new GraphQLObjectType({
        name: "Page",
        fields() {
            return {
                name: {
                    name: "name",
                    type: GraphQLString
                }
            };
        }
    });
    const PageEdgeType: GraphQLObjectType = new GraphQLObjectType({
        name: "PageEdge",
        fields() {
            return {
                cursor: {
                    name: "cursor",
                    type: GraphQLString
                },
                node: {
                    name: "node",
                    type: PageType
                }
            };
        }
    });
    const PageInfoType: GraphQLObjectType = new GraphQLObjectType({
        name: "PageInfo",
        fields() {
            return {
                endCursor: {
                    name: "endCursor",
                    type: GraphQLString
                },
                hasNextPage: {
                    name: "hasNextPage",
                    type: GraphQLBoolean
                },
                hasPreviousPage: {
                    name: "hasPreviousPage",
                    type: GraphQLBoolean
                },
                startCursor: {
                    name: "startCursor",
                    type: GraphQLString
                }
            };
        }
    });
    const PageEdgeConnectionType: GraphQLObjectType = new GraphQLObjectType({
        name: "PageEdgeConnection",
        fields() {
            return {
                edges: {
                    name: "edges",
                    type: PageEdgeType
                },
                pageInfo: {
                    name: "pageInfo",
                    type: PageInfoType
                }
            };
        }
    });
    const UserType: GraphQLObjectType = new GraphQLObjectType({
        name: "User",
        fields() {
            return {
                pages: {
                    name: "pages",
                    type: PageEdgeConnectionType
                }
            };
        }
    });
    return new GraphQLSchema({
        types: [PageType, PageEdgeType, PageEdgeConnectionType, PageInfoType, UserType]
    });
}
