-----------------
INPUT
----------------- 
// { "nullableByDefault": false }
/** @gqlType */
export default class SomeType {
  /** @gqlField */
  hello(): Promise<string> {
    return Promise.resolve("Hello world!");
  }
}

-----------------
OUTPUT
-----------------
-- SDL --
type SomeType @exported {
  hello: String! @metadata(argCount: 0)
}
-- TypeScript --
import { GraphQLSchema, GraphQLObjectType, GraphQLNonNull, GraphQLString } from "graphql";
export function getSchema(): GraphQLSchema {
    const SomeTypeType: GraphQLObjectType = new GraphQLObjectType({
        name: "SomeType",
        fields() {
            return {
                hello: {
                    name: "hello",
                    type: new GraphQLNonNull(GraphQLString)
                }
            };
        }
    });
    return new GraphQLSchema({
        types: [SomeTypeType]
    });
}
