-----------------
INPUT
----------------- 
/**
 * This is my custom directive.
 * @gqlDirective repeatable on FIELD_DEFINITION
 */
function customDirective() {}

-----------------
OUTPUT
-----------------
-- SDL --
"""This is my custom directive."""
directive @customDirective repeatable on FIELD_DEFINITION
-- TypeScript --
import { GraphQLSchema, GraphQLDirective, DirectiveLocation } from "graphql";
export function getSchema(): GraphQLSchema {
    return new GraphQLSchema({
        directives: [new GraphQLDirective({
                name: "customDirective",
                locations: [DirectiveLocation.FIELD_DEFINITION],
                description: "This is my custom directive.",
                isRepeatable: true
            })],
        types: []
    });
}
