-----------------
INPUT
----------------- 
import { GraphQLFieldResolver } from "graphql";

/**
 * This is my custom directive.
 * @gqlDirective on FIELD_DEFINITION
 */
export function customDirective(
  args: { someArg: string },
  _someArg: GraphQLFieldResolver<unknown, unknown>,
) {
  //
}

-----------------
OUTPUT
-----------------
-- SDL --
"""This is my custom directive."""
directive @customDirective(someArg: String!) on FIELD_DEFINITION
-- TypeScript --
import { GraphQLSchema, GraphQLDirective, DirectiveLocation, GraphQLNonNull, GraphQLString } from "graphql";
export function getSchema(): GraphQLSchema {
    return new GraphQLSchema({
        directives: [new GraphQLDirective({
                name: "customDirective",
                locations: [DirectiveLocation.FIELD_DEFINITION],
                description: "This is my custom directive.",
                args: {
                    someArg: {
                        type: new GraphQLNonNull(GraphQLString)
                    }
                }
            })],
        types: []
    });
}
