-----------------
INPUT
----------------- 
// https://github.com/captbaritone/grats/issues/166#issuecomment-2753130827

/**
 * @gqlDirective on FRAGMENT_SPREAD | INLINE_FRAGMENT
 */
function defer({
  label,
  if: _ = true, // anonymous alias
}: {
  label: string;
  if?: boolean | null;
}): void {}

-----------------
OUTPUT
-----------------
-- SDL --
directive @defer(label: String!, if: Boolean = true) on FRAGMENT_SPREAD | INLINE_FRAGMENT
-- TypeScript --
import { GraphQLSchema, GraphQLDirective, DirectiveLocation, GraphQLNonNull, GraphQLString, GraphQLBoolean } from "graphql";
export function getSchema(): GraphQLSchema {
    return new GraphQLSchema({
        directives: [new GraphQLDirective({
                name: "defer",
                locations: [DirectiveLocation.FRAGMENT_SPREAD, DirectiveLocation.INLINE_FRAGMENT],
                args: {
                    label: {
                        type: new GraphQLNonNull(GraphQLString)
                    },
                    if: {
                        type: GraphQLBoolean,
                        defaultValue: true
                    }
                }
            })],
        types: []
    });
}
