-----------------
INPUT
----------------- 
import { Int } from "../../../Types";
/**
 * This is my custom directive.
 * @gqlDirective on INPUT_FIELD_DEFINITION
 */
export function max(args: { foo: Int }) {}

/**
 * @gqlInput
 */
type MyType = {
  /** @gqlAnnotate max(foo: 10) */
  myField: string;
};

-----------------
OUTPUT
-----------------
-- SDL --
"""This is my custom directive."""
directive @max(foo: Int!) on INPUT_FIELD_DEFINITION

input MyType {
  myField: String! @max(foo: 10)
}
-- TypeScript --
import { GraphQLSchema, GraphQLDirective, DirectiveLocation, GraphQLNonNull, GraphQLInt, GraphQLInputObjectType, GraphQLString } from "graphql";
export function getSchema(): GraphQLSchema {
    const MyTypeType: GraphQLInputObjectType = new GraphQLInputObjectType({
        name: "MyType",
        fields() {
            return {
                myField: {
                    name: "myField",
                    type: new GraphQLNonNull(GraphQLString),
                    extensions: {
                        grats: {
                            directives: [{
                                    name: "max",
                                    args: {
                                        foo: 10
                                    }
                                }]
                        }
                    }
                }
            };
        }
    });
    return new GraphQLSchema({
        directives: [new GraphQLDirective({
                name: "max",
                locations: [DirectiveLocation.INPUT_FIELD_DEFINITION],
                description: "This is my custom directive.",
                args: {
                    foo: {
                        type: new GraphQLNonNull(GraphQLInt)
                    }
                }
            })],
        types: [MyTypeType]
    });
}
