/** @gqlType */
class User {
  /**
   * @gqlField
   * @deprecated Please use newField instead.
   */
  oldField: string;

  /** @gqlField */
  newField: string;
}

=== SNIP ===
type User {
  newField: String
  oldField: String @deprecated(reason: "Please use newField instead.")
}
=== SNIP ===
import { GraphQLSchema, GraphQLObjectType, GraphQLString } from "graphql";
export function getSchema(): GraphQLSchema {
    const UserType: GraphQLObjectType = new GraphQLObjectType({
        name: "User",
        fields() {
            return {
                newField: {
                    name: "newField",
                    type: GraphQLString
                },
                oldField: {
                    deprecationReason: "Please use newField instead.",
                    name: "oldField",
                    type: GraphQLString
                }
            };
        }
    });
    return new GraphQLSchema({ types: [UserType] });
}
