-----------------
INPUT
----------------- 
/** @gqlType */
export default class SomeType {
  /** @gqlField */
  me: Actor;
}

/** @gqlType */
class User {
  __typename = "User";
  /** @gqlField */
  name: string;
}

/** @gqlType */
class Entity {
  __typename = "Entity";
  /** @gqlField */
  description: string;
}

/** @gqlUnion */
type Actor = User | Entity;

-----------------
OUTPUT
-----------------
directive @methodName(name: String!) on FIELD_DEFINITION

directive @exported(jsModulePath: String!, tsModulePath: String!, functionName: String!) on FIELD_DEFINITION

type SomeType {
  me: Actor
}

type User {
  name: String
}

type Entity {
  description: String
}

union Actor = User | Entity