-----------------
INPUT
----------------- 
/** @GQLType */
export default class Query {
  /** @GQLField */
  me: Actor;
}

/** @GQLType */
class User {
  __typename = "User";
  /** @GQLField */
  name: string;
}

/** @GQLType */
class Entity {
  __typename = "Entity";
  /** @GQLField */
  description: string;
}

/**
 * One type to rule them all, and in a union bind them.
 * @GQLUnion
 */
type Actor = User | Entity;

-----------------
OUTPUT
-----------------
schema {
  query: Query
}

directive @methodName(name: String!) on FIELD_DEFINITION

directive @exported(filename: String!, functionName: String!) on FIELD_DEFINITION

type Query {
  me: Actor
}

type User {
  name: String
}

type Entity {
  description: String
}

"One type to rule them all, and in a union bind them."
union Actor = User | Entity