-----------------
INPUT
----------------- 
/** @gqlInterface */
interface IPerson {
  name: string;
  /** @gqlField */
  hello: string;
}

/** @gqlField */
export function greeting(person: IPerson): string {
  return `Hello ${person.name}!`;
}

/** @gqlType */
class User implements IPerson {
  __typename: "User";
  name: string;
  /** @gqlField */
  hello: string;
}

/** @gqlType */
class Admin implements IPerson {
  __typename: "Admin";
  name: string;
  /** @gqlField */
  hello: string;
}

-----------------
OUTPUT
-----------------
directive @asyncIterable on FIELD_DEFINITION

directive @methodName(name: String!) on FIELD_DEFINITION

directive @exported(jsModulePath: String!, tsModulePath: String!, functionName: String!, argCount: Int!) on FIELD_DEFINITION

interface IPerson {
  hello: String
  greeting: String
}

type User implements IPerson {
  hello: String
  greeting: String @exported(jsModulePath: "grats/src/tests/fixtures/extend_interface/addStringFieldToInterface.js", tsModulePath: "grats/src/tests/fixtures/extend_interface/addStringFieldToInterface.ts", functionName: "greeting", argCount: 1)
}

type Admin implements IPerson {
  hello: String
  greeting: String @exported(jsModulePath: "grats/src/tests/fixtures/extend_interface/addStringFieldToInterface.js", tsModulePath: "grats/src/tests/fixtures/extend_interface/addStringFieldToInterface.ts", functionName: "greeting", argCount: 1)
}