-----------------
INPUT
----------------- 
import { Info } from "../../../Types";

/** @gqlType */
class User {
  /** @gqlField */
  greeting(info: Info): string {
    return "Hello!";
  }
}

-----------------
OUTPUT
-----------------
-- SDL --
type User {
  greeting: String
}
-- TypeScript --
import { GraphQLSchema, GraphQLObjectType, GraphQLString } from "graphql";
export function getSchema(): GraphQLSchema {
    const UserType: GraphQLObjectType = new GraphQLObjectType({
        name: "User",
        fields() {
            return {
                greeting: {
                    name: "greeting",
                    type: GraphQLString,
                    resolve(source, args, context, info) {
                        return source.greeting(info);
                    }
                }
            };
        }
    });
    return new GraphQLSchema({
        types: [UserType]
    });
}
