-----------------
INPUT
----------------- 
/**
 * The root of all evil.
 *
 * @gqlType SomeType
 */
export default class NotQuery {
  /** @gqlField */
  hello: string;
}

-----------------
OUTPUT
-----------------
directive @asyncIterable on FIELD_DEFINITION

directive @methodName(name: String!) on FIELD_DEFINITION

directive @exported(jsModulePath: String!, tsModulePath: String!, functionName: String!) on FIELD_DEFINITION

"""The root of all evil."""
type SomeType {
  hello: String
}