-----------------
INPUT
----------------- 
/**
 * The root of all evil.
 * @gqlType
 */
export default class User implements IPerson {
  /** @gqlField */
  hello: string;
}

interface IPerson {
  hello: string;
}

-----------------
OUTPUT
-----------------
-- SDL --
"""The root of all evil."""
type User {
  hello: String
}
-- TypeScript --
import { GraphQLSchema, GraphQLObjectType, GraphQLString } from "graphql";
function getSchema(): GraphQLSchema {
    const UserType: GraphQLObjectType = new GraphQLObjectType({
        name: "User",
        description: "The root of all evil.",
        fields() {
            return {
                hello: {
                    name: "hello",
                    type: GraphQLString
                }
            };
        }
    });
    return new GraphQLSchema({
        types: [UserType]
    });
}
export { getSchema };
