-----------------
INPUT
----------------- 
/**
 * The root of all evil.
 * @gqlType
 */
export default class User implements IPerson {
  /** @gqlField */
  hello: string;
}

interface IPerson {
  hello: string;
}

-----------------
OUTPUT
-----------------
directive @methodName(name: String!) on FIELD_DEFINITION

directive @exported(filename: String!, functionName: String!) on FIELD_DEFINITION

"""The root of all evil."""
type User {
  hello: String
}