-----------------
INPUT
----------------- 
/**
 * @gqlType SomeType
 */
class MyClass {
  /** @gqlField */
  hello(): string {
    return "Hello world!";
  }
}

-----------------
OUTPUT
-----------------
directive @methodName(name: String!) on FIELD_DEFINITION

directive @exported(jsModulePath: String!, tsModulePath: String!, functionName: String!) on FIELD_DEFINITION

type SomeType {
  hello: String
}