-----------------
INPUT
----------------- 
/** @gqlInterface Node */
interface GqlNode {
  /** @gqlField */
  id: string;
}

/** @gqlInterface */
interface Person {
  /** @gqlField */
  hello: string;
}

/** @gqlType */
export default class User implements Person, GqlNode {
  readonly __typename = "User";
  /** @gqlField */
  hello: string;

  /** @gqlField */
  id: string;
}

-----------------
OUTPUT
-----------------
directive @methodName(name: String!) on FIELD_DEFINITION

directive @exported(filename: String!, functionName: String!) on FIELD_DEFINITION

interface Node {
  id: String
}

interface Person {
  hello: String
}

type User implements Person & Node {
  hello: String
  id: String
}