-----------------
INPUT
----------------- 
import { Float } from "../../../Types";

/** @gqlType */
export default class Query {
  /** @gqlField */
  ratio(): Float {
    return 10;
  }
}

-----------------
OUTPUT
-----------------
schema {
  query: Query
}

directive @methodName(name: String!) on FIELD_DEFINITION

directive @exported(filename: String!, functionName: String!) on FIELD_DEFINITION

type Query {
  ratio: Float
}