-----------------
INPUT
----------------- 
import { Float as LocalFloat } from "../../../Types";

/** @GQLType */
export default class Query {
  /** @GQLField */
  ratio(): LocalFloat {
    return 10;
  }
}

-----------------
OUTPUT
-----------------
directive @renameField(name: String!) on FIELD_DEFINITION

type Query {
  ratio: Float
}