-----------------
INPUT
----------------- 
import { ID } from "../../../Types";

/** @gqlType */
export default class SomeType {
  /** @gqlField */
  id(): ID {
    return "QUERY_ID";
  }
}

-----------------
OUTPUT
-----------------
directive @asyncIterable on FIELD_DEFINITION

directive @propertyName(name: String!) on FIELD_DEFINITION

directive @exported(tsModulePath: String!, functionName: String!, argCount: Int!) on FIELD_DEFINITION

type SomeType {
  id: ID
}