-----------------
INPUT
----------------- 
import { Int } from "../../../Types";

/** @gqlType */
export default class SomeType {
  /** @gqlField */
  age(): Int {
    return 10;
  }
}

-----------------
OUTPUT
-----------------
-- SDL --
type SomeType @exported {
  age: Int @metadata(argCount: 0)
}
-- TypeScript --
import { GraphQLSchema, GraphQLObjectType, GraphQLInt } from "graphql";
export function getSchema(): GraphQLSchema {
    const SomeTypeType: GraphQLObjectType = new GraphQLObjectType({
        name: "SomeType",
        fields() {
            return {
                age: {
                    name: "age",
                    type: GraphQLInt
                }
            };
        }
    });
    return new GraphQLSchema({
        types: [SomeTypeType]
    });
}
