-----------------
INPUT
----------------- 
// { "strictSemanticNullability": true }

/** @gqlInterface */
interface IPerson {
  /** @gqlField */
  name(): string;
}

/** @gqlType */
export class User implements IPerson {
  __typename = "User" as const;
  /** @gqlField */
  name(): string {
    if (Math.random() < 0.5) {
      throw new Error("Stuff happens...");
    }
    return "Alice";
  }
}

-----------------
OUTPUT
-----------------
-- SDL --
"""
Indicates that a position is semantically non null: it is only null if there is a matching error in the `errors` array.
In all other cases, the position is non-null.

Tools doing code generation may use this information to generate the position as non-null if field errors are handled out of band:

```graphql
type User {
    # email is semantically non-null and can be generated as non-null by error-handling clients.
    email: String @semanticNonNull
}
```

The `levels` argument indicates what levels are semantically non null in case of lists:

```graphql
type User {
    # friends is semantically non null
    friends: [User] @semanticNonNull # same as @semanticNonNull(levels: [0])

    # every friends[k] is semantically non null
    friends: [User] @semanticNonNull(levels: [1])

    # friends as well as every friends[k] is semantically non null
    friends: [User] @semanticNonNull(levels: [0, 1])
}
```

`levels` are zero indexed.
Passing a negative level or a level greater than the list dimension is an error.
"""
directive @semanticNonNull(levels: [Int] = [0]) on FIELD_DEFINITION

interface IPerson {
  name: String @semanticNonNull
}

type User implements IPerson {
  name: String @semanticNonNull
}
-- TypeScript --
import { GraphQLSchema, GraphQLInterfaceType, GraphQLString, GraphQLObjectType, defaultFieldResolver } from "graphql";
async function assertNonNull<T>(value: T | Promise<T>): Promise<T> {
    const awaited = await value;
    if (awaited == null)
        throw new Error("Cannot return null for semantically non-nullable field.");
    return awaited;
}
export function getSchema(): GraphQLSchema {
    const IPersonType: GraphQLInterfaceType = new GraphQLInterfaceType({
        name: "IPerson",
        fields() {
            return {
                name: {
                    name: "name",
                    type: GraphQLString
                }
            };
        }
    });
    const UserType: GraphQLObjectType = new GraphQLObjectType({
        name: "User",
        fields() {
            return {
                name: {
                    name: "name",
                    type: GraphQLString,
                    resolve(source, args, context, info) {
                        return assertNonNull(defaultFieldResolver(source, args, context, info));
                    }
                }
            };
        },
        interfaces() {
            return [IPersonType];
        }
    });
    return new GraphQLSchema({
        types: [IPersonType, UserType]
    });
}
