-----------------
INPUT
----------------- 
/** @gqlType */
export default class SomeType {
  /** @gqlField */
  hello: string;
}

/** @gqlInput */
type MyInputType = {
  /** Sweet field! */
  someField: string;
};

-----------------
OUTPUT
-----------------
-- SDL --
type SomeType {
  hello: String
}

input MyInputType {
  """Sweet field!"""
  someField: String!
}
-- TypeScript --
import { GraphQLSchema, GraphQLObjectType, GraphQLString, GraphQLInputObjectType, GraphQLNonNull } from "graphql";
function getSchema(): GraphQLSchema {
    const SomeTypeType: GraphQLObjectType = new GraphQLObjectType({
        name: "SomeType",
        fields() {
            return {
                hello: {
                    name: "hello",
                    type: GraphQLString
                }
            };
        }
    });
    const MyInputTypeType: GraphQLInputObjectType = new GraphQLInputObjectType({
        name: "MyInputType",
        fields() {
            return {
                someField: {
                    description: "Sweet field!",
                    name: "someField",
                    type: new GraphQLNonNull(GraphQLString)
                }
            };
        }
    });
    return new GraphQLSchema({
        types: [SomeTypeType, MyInputTypeType]
    });
}
export { getSchema };
