-----------------
INPUT
----------------- 
/** @gqlType */
class SomeType {
  /** @gqlField */
  hello: string;
}

/**
 * Check out this great input!
 * @gqlInput
 */
type MyInputType = {
  someField: string;
};

-----------------
OUTPUT
-----------------
directive @methodName(name: String!) on FIELD_DEFINITION

directive @exported(jsModulePath: String!, tsModulePath: String!, functionName: String!) on FIELD_DEFINITION

type SomeType {
  hello: String
}

"""Check out this great input!"""
input MyInputType {
  someField: String!
}