-----------------
INPUT
----------------- 
/** @gqlType */
export default class SomeType {
  /** @gqlField */
  hello: string;
}

/** @gqlInput */
type MyInputType = {
  /** Sweet field!
   * @deprecated Sweet, but stale
   */
  someField?: string;
};

-----------------
OUTPUT
-----------------
-- SDL --
directive @asyncIterable on FIELD_DEFINITION

directive @propertyName(name: String!) on FIELD_DEFINITION

directive @exported(tsModulePath: String!, functionName: String!, argCount: Int!) on FIELD_DEFINITION

directive @exportedScalar(tsModulePath: String!, exportName: String!) on SCALAR

type SomeType {
  hello: String
}

input MyInputType {
  """Sweet field!"""
  someField: String @deprecated(reason: "Sweet, but stale")
}
-- TypeScript --
import { GraphQLSchema, GraphQLObjectType, GraphQLString, GraphQLInputObjectType } from "graphql";
function getSchema(): GraphQLSchema {
    const SomeTypeType: GraphQLObjectType = new GraphQLObjectType({
        name: "SomeType",
        fields() {
            return {
                hello: {
                    name: "hello",
                    type: GraphQLString
                }
            };
        }
    });
    const MyInputTypeType: GraphQLInputObjectType = new GraphQLInputObjectType({
        name: "MyInputType",
        fields() {
            return {
                someField: {
                    description: "Sweet field!",
                    deprecationReason: "Sweet, but stale",
                    name: "someField",
                    type: GraphQLString
                }
            };
        }
    });
    return new GraphQLSchema({
        types: [SomeTypeType, MyInputTypeType]
    });
}
export { getSchema };
