-----------------
INPUT
----------------- 
/** @gqlInput */
interface MyInputType {
  someField?: string;
}

-----------------
OUTPUT
-----------------
-- SDL --
input MyInputType {
  someField: String
}
-- TypeScript --
import { GraphQLSchema, GraphQLInputObjectType, GraphQLString } from "graphql";
export function getSchema(): GraphQLSchema {
    const MyInputTypeType: GraphQLInputObjectType = new GraphQLInputObjectType({
        name: "MyInputType",
        fields() {
            return {
                someField: {
                    name: "someField",
                    type: GraphQLString
                }
            };
        }
    });
    return new GraphQLSchema({
        types: [MyInputTypeType]
    });
}
const typeNameMap = new Map();

function resolveType(obj: any): string {
  if (typeof obj.__typename === "string") {
    return obj.__typename;
  }

  let prototype = Object.getPrototypeOf(obj);
  while (prototype) {
    const name = typeNameMap.get(prototype.constructor);
    if (name != null) {
      return name;
    }
    prototype = Object.getPrototypeOf(prototype);
  }

  throw new Error("Cannot find type name");
}