-----------------
INPUT
----------------- 
/** @gqlType */
class SomeType {
  /** @gqlField */
  hello: string;
}

/** @gqlInput */
type MyInputType = {
  someField?: string;
};

-----------------
OUTPUT
-----------------
-- SDL --
type SomeType {
  hello: String
}

input MyInputType {
  someField: String
}
-- TypeScript --
import { GraphQLSchema, GraphQLObjectType, GraphQLString, GraphQLInputObjectType } from "graphql";
export function getSchema(): GraphQLSchema {
    const SomeTypeType: GraphQLObjectType = new GraphQLObjectType({
        name: "SomeType",
        fields() {
            return {
                hello: {
                    name: "hello",
                    type: GraphQLString
                }
            };
        }
    });
    const MyInputTypeType: GraphQLInputObjectType = new GraphQLInputObjectType({
        name: "MyInputType",
        fields() {
            return {
                someField: {
                    name: "someField",
                    type: GraphQLString
                }
            };
        }
    });
    return new GraphQLSchema({
        types: [SomeTypeType, MyInputTypeType]
    });
}
