-----------------
INPUT
----------------- 
/** @GQLType */
class Query {
  /** @GQLField */
  hello: string;
}

/** @GQLInput */
type MyInputType = {
  someField?: string;
};

-----------------
OUTPUT
-----------------
directive @renameField(name: String!) on FIELD_DEFINITION

type Query {
  hello: String
}

input MyInputType {
  someField: String
}