-----------------
INPUT
----------------- 
/** @gqlType */
export default class SomeType {
  /** @gqlField */
  hello: string;
}

/** @gqlInput */
type MyInputType = {
  /** Sweet field!
   * @deprecated Sweet, but stale
   */
  someField?: string;
};

-----------------
OUTPUT
-----------------
directive @methodName(name: String!) on FIELD_DEFINITION

directive @exported(filename: String!, functionName: String!) on FIELD_DEFINITION

type SomeType {
  hello: String
}

input MyInputType {
  """Sweet field!"""
  someField: String @deprecated(reason: "Sweet, but stale")
}