-----------------
INPUT
----------------- 
/** @GQLType */
class Query {
  /** @GQLField */
  hello: string;
}

/** @GQLInput OtherName */
type MyInputType = {
  someField: string;
};

-----------------
OUTPUT
-----------------
schema {
  query: Query
}

directive @renameField(name: String!) on FIELD_DEFINITION

type Query {
  hello: String
}

input OtherName {
  someField: String!
}