-----------------
INPUT
----------------- 
/**
 * Validating what graphql-js does when an explicit null is passed to an argument
 * with a default value.
 *
 * Spoiler alert: it passes the explicit null.
 */

/** @gqlType */
type Query = unknown;

/**
 * @gqlField
 */
export function hello(
  _: Query,
  { someArg = "Hello" }: { someArg?: string | null },
): string {
  if (someArg === null) {
    return "got null";
  }
  return `${someArg} World`;
}

export const query = `
    query {
      hello(someArg: null)
    }
  `;

-----------------
OUTPUT
-----------------
{
  "data": {
    "hello": "got null"
  }
}