-----------------
INPUT
----------------- 
import { GqlInfo } from "../../../Types";

/** @gqlField */
export function greetz(_: Query, info: GqlInfo): string {
  return "Hello";
}

/** @gqlType */
type Query = unknown;

-----------------
OUTPUT
-----------------
-- SDL --
type Query {
  greetz: String @resolver(kind: {function: {path: "grats/src/tests/fixtures/resolver_info/FunctionWithInfoValue.ts", exportName: "greetz", arguments: [{source: true}, {information: true}]}})
}
-- TypeScript --
import { greetz as queryGreetzResolver } from "./FunctionWithInfoValue";
import { GraphQLSchema, GraphQLObjectType, GraphQLString } from "graphql";
export function getSchema(): GraphQLSchema {
    const QueryType: GraphQLObjectType = new GraphQLObjectType({
        name: "Query",
        fields() {
            return {
                greetz: {
                    name: "greetz",
                    type: GraphQLString,
                    resolve(source, _args, _context, info) {
                        return queryGreetzResolver(source, info);
                    }
                }
            };
        }
    });
    return new GraphQLSchema({
        query: QueryType,
        types: [QueryType]
    });
}
