-----------------
INPUT
----------------- 
/** @gqlType */
export class User implements IPerson {
  __typename: string;
  /** @gqlField */
  name: string;
}

/** @gqlInterface */
export interface IPerson {
  /** @gqlField */
  name: string;
}

-----------------
OUTPUT
-----------------
src/tests/fixtures/typename/PropertySignatureTypenameNonLiteralType.ts:3:15 - error: Expected `__typename` property signature to specify the typename as a string literal string type. For example `__typename: "User";`

3   __typename: string;
                ~~~~~~
