-----------------
INPUT
----------------- 
/** @gqlType */
export class User {
  __typename = "User";
  /** @gqlField */
  name: string = "Alice";
}

-----------------
OUTPUT
-----------------
-- SDL --
type User {
  name: String @metadata
}
-- TypeScript --
import { GraphQLSchema, GraphQLObjectType, GraphQLString } from "graphql";
export function getSchema(): GraphQLSchema {
    const UserType: GraphQLObjectType = new GraphQLObjectType({
        name: "User",
        fields() {
            return {
                name: {
                    name: "name",
                    type: GraphQLString
                }
            };
        }
    });
    return new GraphQLSchema({
        types: [UserType]
    });
}
