-----------------
INPUT
----------------- 
/** @gqlType */
export class User {
  __typename = "User";
  /** @gqlField */
  name: string = "Alice";
}

-----------------
OUTPUT
-----------------
-- SDL --
directive @asyncIterable on FIELD_DEFINITION

directive @propertyName(name: String!) on FIELD_DEFINITION

directive @exported(tsModulePath: String!, functionName: String!, argCount: Int!) on FIELD_DEFINITION

directive @exportedScalar(tsModulePath: String!, exportName: String!) on SCALAR

type User {
  name: String
}
-- TypeScript --
import { GraphQLSchema, GraphQLObjectType, GraphQLString } from "graphql";
function getSchema(): GraphQLSchema {
    const UserType: GraphQLObjectType = new GraphQLObjectType({
        name: "User",
        fields() {
            return {
                name: {
                    name: "name",
                    type: GraphQLString
                }
            };
        }
    });
    return new GraphQLSchema({
        types: [UserType]
    });
}
export { getSchema };
