-----------------
INPUT
----------------- 
/** @gqlQueryField */
export function greeting(): string {
  return "Hello world";
}

/**
 * I might want to explicitly define a type here to provide a description.
 *
 * @gqlType */
export type Query = unknown;

-----------------
OUTPUT
-----------------
-- SDL --
"""
I might want to explicitly define a type here to provide a description.
"""
type Query {
  greeting: String
}
-- TypeScript --
import { greeting as queryGreetingResolver } from "./queryFieldWithExplicitlyDefinedQuery";
import { GraphQLSchema, GraphQLObjectType, GraphQLString } from "graphql";
export function getSchema(): GraphQLSchema {
    const QueryType: GraphQLObjectType = new GraphQLObjectType({
        name: "Query",
        description: "I might want to explicitly define a type here to provide a description.",
        fields() {
            return {
                greeting: {
                    name: "greeting",
                    type: GraphQLString,
                    resolve() {
                        return queryGreetingResolver();
                    }
                }
            };
        }
    });
    return new GraphQLSchema({
        query: QueryType,
        types: [QueryType]
    });
}
