-----------------
INPUT
----------------- 
export class SomeNonGraphQLClass {
  /** @gqlQueryField */
  static greeting(): string {
    return "Hello world";
  }
}

-----------------
OUTPUT
-----------------
-- SDL --
type Query {
  greeting: String
}
-- TypeScript --
import { SomeNonGraphQLClass as queryGreetingResolver } from "./queryFieldOnStaticMethod";
import { GraphQLSchema, GraphQLObjectType, GraphQLString } from "graphql";
export function getSchema(): GraphQLSchema {
    const QueryType: GraphQLObjectType = new GraphQLObjectType({
        name: "Query",
        fields() {
            return {
                greeting: {
                    name: "greeting",
                    type: GraphQLString,
                    resolve() {
                        return queryGreetingResolver.greeting();
                    }
                }
            };
        }
    });
    return new GraphQLSchema({
        query: QueryType,
        types: [QueryType]
    });
}
