-----------------
INPUT
----------------- 
export default class {
  /** @gqlField */
  static greet(_: Query): string {
    return "Hello, world!";
  }
}

/** @gqlType */
type Query = unknown;

-----------------
OUTPUT
-----------------
-- SDL --
type Query {
  greet: String @metadata(argCount: 1, name: "greet", tsModulePath: "grats/src/tests/fixtures/field_definitions/FieldAsStaticClassMethodOnUnnamedNonGqlClass.ts")
}
-- TypeScript --
import queryGreetResolver from "./FieldAsStaticClassMethodOnUnnamedNonGqlClass";
import { GraphQLSchema, GraphQLObjectType, GraphQLString } from "graphql";
export function getSchema(): GraphQLSchema {
    const QueryType: GraphQLObjectType = new GraphQLObjectType({
        name: "Query",
        fields() {
            return {
                greet: {
                    name: "greet",
                    type: GraphQLString,
                    resolve(source) {
                        return queryGreetResolver.greet(source);
                    }
                }
            };
        }
    });
    return new GraphQLSchema({
        query: QueryType,
        types: [QueryType]
    });
}
const typeNameMap = new Map();

function resolveType(obj: any): string {
  if (typeof obj.__typename === "string") {
    return obj.__typename;
  }

  let prototype = Object.getPrototypeOf(obj);
  while (prototype) {
    const name = typeNameMap.get(prototype.constructor);
    if (name != null) {
      return name;
    }
    prototype = Object.getPrototypeOf(prototype);
  }

  throw new Error("Cannot find type name");
}