-----------------
INPUT
----------------- 
class SomeType {
  /** @gqlField */
  constructor() {
    //
  }
}

-----------------
OUTPUT
-----------------
-- SDL --

-- TypeScript --
import { GraphQLSchema } from "graphql";
export function getSchema(): GraphQLSchema {
    return new GraphQLSchema({
        types: []
    });
}
