-----------------
INPUT
----------------- 
/** @gqlType */
export default class User {
  /** @gqlField */
  name: string;

  /** @gqlField */
  static getUser(_: Query): User {
    return new User();
  }
}

/** @gqlType */
type Query = unknown;

-----------------
OUTPUT
-----------------
-- SDL --
type Query {
  getUser: User @metadata(argCount: 1, name: "getUser", tsModulePath: "grats/src/tests/fixtures/field_definitions/FieldAsStaticClassMethodWithClassAsDefaultExport.ts")
}

type User @exported(exportName: "User", tsModulePath: "grats/src/tests/fixtures/field_definitions/FieldAsStaticClassMethodWithClassAsDefaultExport.ts") {
  name: String @metadata
}
-- TypeScript --
import queryGetUserResolver from "./FieldAsStaticClassMethodWithClassAsDefaultExport";
import { GraphQLSchema, GraphQLObjectType, GraphQLString } from "graphql";
export function getSchema(): GraphQLSchema {
    const UserType: GraphQLObjectType = new GraphQLObjectType({
        name: "User",
        fields() {
            return {
                name: {
                    name: "name",
                    type: GraphQLString
                }
            };
        }
    });
    const QueryType: GraphQLObjectType = new GraphQLObjectType({
        name: "Query",
        fields() {
            return {
                getUser: {
                    name: "getUser",
                    type: UserType,
                    resolve(source) {
                        return queryGetUserResolver.getUser(source);
                    }
                }
            };
        }
    });
    return new GraphQLSchema({
        query: QueryType,
        types: [QueryType, UserType]
    });
}
