-----------------
INPUT
----------------- 
/** @gqlInterface */
interface ICarly {
  /** @gqlField */
  name(): string;
}

-----------------
OUTPUT
-----------------
-- SDL --
interface ICarly {
  name: String @metadata
}
-- TypeScript --
import { GraphQLSchema, GraphQLInterfaceType, GraphQLString } from "graphql";
export function getSchema(): GraphQLSchema {
    const ICarlyType: GraphQLInterfaceType = new GraphQLInterfaceType({
        name: "ICarly",
        fields() {
            return {
                name: {
                    name: "name",
                    type: GraphQLString
                }
            };
        }
    });
    return new GraphQLSchema({
        types: [ICarlyType]
    });
}
