-----------------
INPUT
----------------- 
/** @gqlInterface */
interface ICarly {
  /** @gqlField */
  name(): string;
}

-----------------
OUTPUT
-----------------
-- SDL --
interface ICarly {
  name: String @metadata(argCount: 0)
}
-- TypeScript --
import { GraphQLSchema, GraphQLInterfaceType, GraphQLString } from "graphql";
export function getSchema(): GraphQLSchema {
    const ICarlyType: GraphQLInterfaceType = new GraphQLInterfaceType({
        name: "ICarly",
        fields() {
            return {
                name: {
                    name: "name",
                    type: GraphQLString
                }
            };
        },
        resolveType
    });
    return new GraphQLSchema({
        types: [ICarlyType]
    });
}
const typeNameMap = new Map();

function resolveType(obj: any): string {
  if (typeof obj.__typename === "string") {
    return obj.__typename;
  }

  let prototype = Object.getPrototypeOf(obj);
  while (prototype) {
    const name = typeNameMap.get(prototype.constructor);
    if (name != null) {
      return name;
    }
    prototype = Object.getPrototypeOf(prototype);
  }

  throw new Error("Cannot find type name");
}