-----------------
INPUT
----------------- 
/** @gqlInterface */
interface ICarly {
  /** @gqlField */
  name(): string;
}

-----------------
OUTPUT
-----------------
directive @methodName(name: String!) on FIELD_DEFINITION

directive @exported(jsModulePath: String!, tsModulePath: String!, functionName: String!) on FIELD_DEFINITION

interface ICarly {
  name: String
}