-----------------
INPUT
----------------- 
/** @gqlType */
export default class SomeType {
  constructor(
    /** @gqlField */
    readonly hello: string,
  ) {}
}

-----------------
OUTPUT
-----------------
-- SDL --
type SomeType {
  hello: String @resolver(kind: {property: {name: "hello"}})
}
-- TypeScript --
import { GraphQLSchema, GraphQLObjectType, GraphQLString } from "graphql";
export function getSchema(): GraphQLSchema {
    const SomeTypeType: GraphQLObjectType = new GraphQLObjectType({
        name: "SomeType",
        fields() {
            return {
                hello: {
                    name: "hello",
                    type: GraphQLString
                }
            };
        }
    });
    return new GraphQLSchema({
        types: [SomeTypeType]
    });
}
