-----------------
INPUT
----------------- 
/** @gqlType */
export default class SomeType {
  constructor(
    /**
     * Greet the world!
     * @gqlField
     */
    public hello: string,
  ) {}
}

-----------------
OUTPUT
-----------------
directive @asyncIterable on FIELD_DEFINITION

directive @methodName(name: String!) on FIELD_DEFINITION

directive @exported(jsModulePath: String!, tsModulePath: String!, functionName: String!) on FIELD_DEFINITION

type SomeType {
  """Greet the world!"""
  hello: String
}