-----------------
INPUT
----------------- 
/** @gqlType */
class SomeType {
  /** @gqlField greeting */
  somePropertyField: string;

  /** @gqlField salutaion */
  someMethodField(): string {
    return "Hello world!";
  }
}

-----------------
OUTPUT
-----------------
directive @methodName(name: String!) on FIELD_DEFINITION

directive @exported(filename: String!, functionName: String!) on FIELD_DEFINITION

type SomeType {
  greeting: String @methodName(name: "somePropertyField")
  salutaion: String @methodName(name: "someMethodField")
}