-----------------
INPUT
----------------- 
/** @gqlType */
class SomeType {
  /**
   * Number 1 greeting.
   *
   * @gqlField greeting
   */
  somePropertyField: string;

  /**
   * Number 1 salutation.
   *
   * @gqlField salutaion
   */
  someMethodField(): string {
    return "Hello world!";
  }
}

-----------------
OUTPUT
-----------------
directive @asyncIterable on FIELD_DEFINITION

directive @propertyName(name: String!) on FIELD_DEFINITION

directive @exported(tsModulePath: String!, functionName: String!, argCount: Int!) on FIELD_DEFINITION

type SomeType {
  """Number 1 greeting."""
  greeting: String @propertyName(name: "somePropertyField")
  """Number 1 salutation."""
  salutaion: String @propertyName(name: "someMethodField")
}