-----------------
INPUT
----------------- 
/** @GQLType */
class Query {
  /** @GQLField greeting */
  somePropertyField: string;

  /** @GQLField salutaion */
  someMethodField(): string {
    return "Hello world!";
  }
}

-----------------
OUTPUT
-----------------
directive @renameField(name: String!) on FIELD_DEFINITION

type Query {
  greeting: String
  salutaion: String
}