-----------------
INPUT
----------------- 
/** @gqlType */
class SomeType {
  /** @gqlField greeting */
  somePropertyField: string;

  /** @gqlField salutaion */
  someMethodField(): string {
    return "Hello world!";
  }
}

-----------------
OUTPUT
-----------------
-- SDL --
type SomeType {
  greeting: String @metadata(name: "somePropertyField")
  salutaion: String @metadata(name: "someMethodField")
}
-- TypeScript --
import { GraphQLSchema, GraphQLObjectType, GraphQLString } from "graphql";
export function getSchema(): GraphQLSchema {
    const SomeTypeType: GraphQLObjectType = new GraphQLObjectType({
        name: "SomeType",
        fields() {
            return {
                greeting: {
                    name: "greeting",
                    type: GraphQLString,
                    resolve(source, args, context, info) {
                        return source.somePropertyField;
                    }
                },
                salutaion: {
                    name: "salutaion",
                    type: GraphQLString,
                    resolve(source, args, context, info) {
                        return source.someMethodField(args, context, info);
                    }
                }
            };
        }
    });
    return new GraphQLSchema({
        types: [SomeTypeType]
    });
}
