-----------------
INPUT
----------------- 
/** @gqlType */
export default class SomeType {
  /**
   * Greet the world!
   * @gqlField
   */
  hello(): string {
    return "Hello world!";
  }
}

-----------------
OUTPUT
-----------------
directive @methodName(name: String!) on FIELD_DEFINITION

directive @exported(filename: String!, functionName: String!) on FIELD_DEFINITION

type SomeType {
  """Greet the world!"""
  hello: String
}