-----------------
INPUT
----------------- 
/**
 * @gqlInput
 * @oneOf
 * @deprecated Don't use this any more
 */
export type Greeting = { firstName: string } | { lastName: string };

-----------------
OUTPUT
-----------------
src/tests/fixtures/input_type_one_of/oneOfDeprecated.invalid.ts:4:5 - error: Directive "@deprecated" may not be used on INPUT_OBJECT.

4  * @deprecated Don't use this any more
      ~~~~~~~~~~
