-----------------
INPUT
----------------- 
/**
 * The root of all evil.
 *
 * @gqlType
 */
export default interface Query {
  /** @gqlField */
  hello: string;
}

-----------------
OUTPUT
-----------------
schema {
  query: Query
}

directive @methodName(name: String!) on FIELD_DEFINITION

directive @exported(filename: String!, functionName: String!) on FIELD_DEFINITION

"""The root of all evil."""
type Query {
  hello: String
}