-----------------
INPUT
----------------- 
/** @gqlInterface */
interface Person {
  /** @gqlField */
  name: string;
}

/**
 * @gqlType
 * @gqlImplements Person
 */
export interface User {
  __typename: "User";

  /** @gqlField */
  name: string;
}

-----------------
OUTPUT
-----------------
src/tests/fixtures/type_definitions_from_interface/InterfaceTypeExtendsGqlInterfaceWithDeprecatedTag.invalid.ts:9:4 - error: `@gqlImplements` has been deprecated. Instead use `interface MyType extends MyInterface`.

 9  * @gqlImplements Person
      ~~~~~~~~~~~~~~~~~~~~~
10  */
   ~
src/tests/fixtures/type_definitions_from_interface/InterfaceTypeExtendsGqlInterfaceWithDeprecatedTag.invalid.ts:9:5 - error: `@gqlImplements` is not a valid Grats tag. Valid tags are: `@gqlType`, `@gqlField`, `@gqlScalar`, `@gqlInterface`, `@gqlEnum`, `@gqlUnion`, `@gqlInput`.

9  * @gqlImplements Person
      ~~~~~~~~~~~~~
