-----------------
INPUT
----------------- 
/** @gqlType */
class SomeType {
  // No fields
}

/**
 * @gqlField
 * @deprecated Because reasons
 */
export function greeting(query: SomeType): string {
  return "Hello world!";
}

-----------------
OUTPUT
-----------------
directive @methodName(name: String!) on FIELD_DEFINITION

directive @exported(jsModulePath: String!, tsModulePath: String!, functionName: String!) on FIELD_DEFINITION

type SomeType {
  greeting: String @deprecated(reason: "Because reasons") @exported(jsModulePath: "tests/fixtures/extend_type/addDeprecatedField.js", tsModulePath: "tests/fixtures/extend_type/addDeprecatedField.ts", functionName: "greeting")
}