-----------------
INPUT
----------------- 
/** @gqlType */
class SomeType {
  // No fields
}

/**
 * @gqlField
 * @deprecated Because reasons
 */
export function greeting(query: SomeType): string {
  return "Hello world!";
}

-----------------
OUTPUT
-----------------
-- SDL --
type SomeType {
  greeting: String @deprecated(reason: "Because reasons") @metadata(argCount: 1, exportName: "greeting", tsModulePath: "grats/src/tests/fixtures/extend_type/addDeprecatedField.ts")
}
-- TypeScript --
import { greeting as someTypeGreetingResolver } from "./addDeprecatedField";
import { GraphQLSchema, GraphQLObjectType, GraphQLString } from "graphql";
export function getSchema(): GraphQLSchema {
    const SomeTypeType: GraphQLObjectType = new GraphQLObjectType({
        name: "SomeType",
        fields() {
            return {
                greeting: {
                    deprecationReason: "Because reasons",
                    name: "greeting",
                    type: GraphQLString,
                    resolve(source) {
                        return someTypeGreetingResolver(source);
                    }
                }
            };
        }
    });
    return new GraphQLSchema({
        types: [SomeTypeType]
    });
}
