-----------------
INPUT
----------------- 
/** @gqlType */
class SomeType {
  // No fields
}

/**
 * Best field ever!
 * @gqlField
 */
export function greeting(_: SomeType): string {
  return "Hello world!";
}

-----------------
OUTPUT
-----------------
directive @methodName(name: String!) on FIELD_DEFINITION

directive @exported(jsModulePath: String!, tsModulePath: String!, functionName: String!) on FIELD_DEFINITION

type SomeType {
  """Best field ever!"""
  greeting: String @exported(jsModulePath: "tests/fixtures/extend_type/addFieldWithDescription.js", tsModulePath: "tests/fixtures/extend_type/addFieldWithDescription.ts", functionName: "greeting")
}