-----------------
INPUT
----------------- 
/** @gqlType */
class SomeType {
  // No fields
}

/** @gqlField */
export function greeting(_: SomeType): string {
  return "Hello world!";
}

-----------------
OUTPUT
-----------------
directive @asyncIterable on FIELD_DEFINITION

directive @methodName(name: String!) on FIELD_DEFINITION

directive @exported(jsModulePath: String!, tsModulePath: String!, functionName: String!) on FIELD_DEFINITION

type SomeType {
  greeting: String @exported(jsModulePath: "grats/src/tests/fixtures/extend_type/addStringFieldToSomeType.js", tsModulePath: "grats/src/tests/fixtures/extend_type/addStringFieldToSomeType.ts", functionName: "greeting")
}