-----------------
INPUT
----------------- 
/** @gqlType */
class SomeType {
  /** @gqlField */
  foo: string;
}

/** @gqlInterface */
interface IFoo {
  /** @gqlField */
  bar: string;
}

/** @gqlField */
export function greeting(iFoo: IFoo): string {
  return "Hello world!";
}

-----------------
OUTPUT
-----------------
directive @methodName(name: String!) on FIELD_DEFINITION

directive @exported(jsModulePath: String!, tsModulePath: String!, functionName: String!) on FIELD_DEFINITION

type SomeType {
  foo: String
}

interface IFoo {
  bar: String
  greeting: String
}