-----------------
INPUT
----------------- 
enum Enum {
  VALID
  INVALID
}

-----------------
OUTPUT
-----------------
import { GraphQLSchema, GraphQLEnumType } from "graphql";
const EnumType: GraphQLEnumType = new GraphQLEnumType({
    name: "Enum",
    values: {
        VALID: {
            value: "VALID"
        },
        INVALID: {
            value: "INVALID"
        }
    }
});
const schema = new GraphQLSchema({
    types: [EnumType]
});
export { schema };
