-----------------
INPUT
----------------- 
type GratsContext = {
  greeting: string;
};

/** @gqlType */
export class SomeType {
  /** @gqlField */
  greeting(args: unknown, ctx: GratsContext): string {
    return ctx.greeting;
  }
}

-----------------
OUTPUT
-----------------
-- SDL --
type SomeType @exported(exportName: "SomeType", tsModulePath: "grats/src/tests/fixtures/resolver_context/ClassMethodWithContextValue.ts") {
  greeting: String @metadata(argCount: 2)
}
-- TypeScript --
import { SomeType as SomeTypeClass } from "./ClassMethodWithContextValue";
import { GraphQLSchema, GraphQLObjectType, GraphQLString } from "graphql";
export function getSchema(): GraphQLSchema {
    const SomeTypeType: GraphQLObjectType = new GraphQLObjectType({
        name: "SomeType",
        fields() {
            return {
                greeting: {
                    name: "greeting",
                    type: GraphQLString
                }
            };
        }
    });
    return new GraphQLSchema({
        types: [SomeTypeType]
    });
}
const typeNameMap = new Map();
typeNameMap.set(SomeTypeClass, "SomeType");

function resolveType(obj: any): string {
  if (typeof obj.__typename === "string") {
    return obj.__typename;
  }

  let prototype = Object.getPrototypeOf(obj);
  while (prototype) {
    const name = typeNameMap.get(prototype.constructor);
    if (name != null) {
      return name;
    }
    prototype = Object.getPrototypeOf(prototype);
  }

  throw new Error("Cannot find type name");
}