-----------------
INPUT
----------------- 
/** @gqlType */
export class Query {
  /** @gqlField */
  greeting(args: never, ...ctx: SomeType): string {
    return ctx[0].greeting;
  }
}

/** @gqlContext */
type SomeType = { greeting: string };

-----------------
OUTPUT
-----------------
src/tests/fixtures/resolver_context/ContextValueSpread.invalid.ts:4:25 - error: Unexpected spread parameter in context parameter position. Grats expects the context parameter to be a single, explicitly typed, argument.

4   greeting(args: never, ...ctx: SomeType): string {
                          ~~~
