-----------------
INPUT
----------------- 
/** @gqlType */
export class SomeType {
  /** @gqlField */
  greeting(args: unknown, ctx?: SomeType): string {
    // This is fine since Grats will always pass ctx. It's fine for
    // the resolver to _also_ work _without_ ctx, as long as it's
    // safe for Grats to pass ctx.
    return ctx?.greeting ?? "Hello, World!";
  }
}

type SomeType = { greeting: string };

-----------------
OUTPUT
-----------------
-- SDL --
type SomeType {
  greeting: String
}
-- TypeScript --
import { GraphQLSchema, GraphQLObjectType, GraphQLString } from "graphql";
export function getSchema(): GraphQLSchema {
    const SomeTypeType: GraphQLObjectType = new GraphQLObjectType({
        name: "SomeType",
        fields() {
            return {
                greeting: {
                    name: "greeting",
                    type: GraphQLString
                }
            };
        }
    });
    return new GraphQLSchema({
        types: [SomeTypeType]
    });
}
