-----------------
INPUT
----------------- 
type GratsContext = {
  greeting: string;
};

/** @gqlType */
export class User {}

/** @gqlField */
export function greeting(_: User, args: unknown, ctx: GratsContext): string {
  return ctx.greeting;
}

-----------------
OUTPUT
-----------------
-- SDL --
directive @asyncIterable on FIELD_DEFINITION

directive @propertyName(name: String!) on FIELD_DEFINITION

directive @exported(tsModulePath: String!, functionName: String!, argCount: Int!) on FIELD_DEFINITION

type User {
  greeting: String @exported(tsModulePath: "grats/src/tests/fixtures/resolver_context/FunctionWithContextValue.ts", functionName: "greeting", argCount: 3)
}
-- TypeScript --
import { greeting as userGreetingResolver } from "./FunctionWithContextValue";
import { GraphQLSchema, GraphQLObjectType, GraphQLString } from "graphql";
function getSchema(): GraphQLSchema {
    const UserType: GraphQLObjectType = new GraphQLObjectType({
        name: "User",
        fields() {
            return {
                greeting: {
                    name: "greeting",
                    type: GraphQLString,
                    resolve(source, args, context) {
                        return userGreetingResolver(source, args, context);
                    }
                }
            };
        }
    });
    return new GraphQLSchema({
        types: [UserType]
    });
}
export { getSchema };
